-- Logs begin at tis 2021-01-26 20:38:37 CET, end at tis 2021-01-26 20:56:12 CET. --
jan 26 20:38:37 asus systemd-journald[231]: Runtime journal (/run/log/journal/) is 4.8M, max 38.3M, 33.5M free.
jan 26 20:38:37 asus kernel: Initializing cgroup subsys cpuset
jan 26 20:38:37 asus kernel: Initializing cgroup subsys cpu
jan 26 20:38:37 asus kernel: Initializing cgroup subsys cpuacct
jan 26 20:38:37 asus kernel: Linux version 3.19.0-78-generic (buildd@lgw01-17) (gcc version 4.8.4 (Ubuntu 4.8.4-2ubuntu1~14.04.3) ) #86~14.04.1-Ubuntu SMP Tue Dec 6 17:58:35 UTC 2016 (Ubuntu 3.19.0-78.86~14.04.1-generic 3.19.8-ckt22)
jan 26 20:38:37 asus kernel: Command line: BOOT_IMAGE=/boot/vmlinuz-3.19.0-78-generic.efi.signed root=UUID=084c0e48-3a59-4232-bf98-f9e71966ce84 ro quiet splash vt.handoff=7
jan 26 20:38:37 asus kernel: KERNEL supported cpus:
jan 26 20:38:37 asus kernel:   Intel GenuineIntel
jan 26 20:38:37 asus kernel:   AMD AuthenticAMD
jan 26 20:38:37 asus kernel:   Centaur CentaurHauls
jan 26 20:38:37 asus kernel: e820: BIOS-provided physical RAM map:
jan 26 20:38:37 asus kernel: BIOS-e820: [mem 0x0000000000000000-0x000000000009efff] usable
jan 26 20:38:37 asus kernel: BIOS-e820: [mem 0x000000000009f000-0x000000000009ffff] reserved
jan 26 20:38:37 asus kernel: BIOS-e820: [mem 0x0000000000100000-0x000000001fffffff] usable
jan 26 20:38:37 asus kernel: BIOS-e820: [mem 0x0000000020000000-0x00000000201fffff] reserved
jan 26 20:38:37 asus kernel: BIOS-e820: [mem 0x0000000020200000-0x0000000040003fff] usable
jan 26 20:38:37 asus kernel: BIOS-e820: [mem 0x0000000040004000-0x0000000040004fff] reserved
jan 26 20:38:37 asus kernel: BIOS-e820: [mem 0x0000000040005000-0x00000000d973cfff] usable
jan 26 20:38:37 asus kernel: BIOS-e820: [mem 0x00000000d973d000-0x00000000d9740fff] reserved
jan 26 20:38:37 asus kernel: BIOS-e820: [mem 0x00000000d9741000-0x00000000d974ffff] usable
jan 26 20:38:37 asus kernel: BIOS-e820: [mem 0x00000000d9750000-0x00000000d9750fff] reserved
jan 26 20:38:37 asus kernel: BIOS-e820: [mem 0x00000000d9751000-0x00000000d975dfff] usable
jan 26 20:38:37 asus kernel: BIOS-e820: [mem 0x00000000d975e000-0x00000000d9d5efff] ACPI NVS
jan 26 20:38:37 asus kernel: BIOS-e820: [mem 0x00000000d9d5f000-0x00000000d9d61fff] reserved
jan 26 20:38:37 asus kernel: BIOS-e820: [mem 0x00000000d9d62000-0x00000000d9d71fff] usable
jan 26 20:38:37 asus kernel: BIOS-e820: [mem 0x00000000d9d72000-0x00000000d9d75fff] reserved
jan 26 20:38:37 asus kernel: BIOS-e820: [mem 0x00000000d9d76000-0x00000000d9d76fff] usable
jan 26 20:38:37 asus kernel: BIOS-e820: [mem 0x00000000d9d77000-0x00000000d9d7cfff] reserved
jan 26 20:38:37 asus kernel: BIOS-e820: [mem 0x00000000d9d7d000-0x00000000d9f27fff] usable
jan 26 20:38:37 asus kernel: BIOS-e820: [mem 0x00000000d9f28000-0x00000000d9f2bfff] reserved
jan 26 20:38:37 asus kernel: BIOS-e820: [mem 0x00000000d9f2c000-0x00000000d9f74fff] usable
jan 26 20:38:37 asus kernel: BIOS-e820: [mem 0x00000000d9f75000-0x00000000d9f76fff] reserved
jan 26 20:38:37 asus kernel: BIOS-e820: [mem 0x00000000d9f77000-0x00000000d9f78fff] usable
jan 26 20:38:37 asus kernel: BIOS-e820: [mem 0x00000000d9f79000-0x00000000d9f8cfff] reserved
jan 26 20:38:37 asus kernel: BIOS-e820: [mem 0x00000000d9f8d000-0x00000000d9f8ffff] usable
jan 26 20:38:37 asus kernel: BIOS-e820: [mem 0x00000000d9f90000-0x00000000d9f91fff] reserved
jan 26 20:38:37 asus kernel: BIOS-e820: [mem 0x00000000d9f92000-0x00000000d9fa8fff] usable
jan 26 20:38:37 asus kernel: BIOS-e820: [mem 0x00000000d9fa9000-0x00000000d9faefff] reserved
jan 26 20:38:37 asus kernel: BIOS-e820: [mem 0x00000000d9faf000-0x00000000d9fbcfff] usable
jan 26 20:38:37 asus kernel: BIOS-e820: [mem 0x00000000d9fbd000-0x00000000d9fbdfff] reserved
jan 26 20:38:37 asus kernel: BIOS-e820: [mem 0x00000000d9fbe000-0x00000000d9fbffff] usable
jan 26 20:38:37 asus kernel: BIOS-e820: [mem 0x00000000d9fc0000-0x00000000d9fc0fff] reserved
jan 26 20:38:37 asus kernel: BIOS-e820: [mem 0x00000000d9fc1000-0x00000000d9fcbfff] usable
jan 26 20:38:37 asus kernel: BIOS-e820: [mem 0x00000000d9fcc000-0x00000000d9fd0fff] reserved
jan 26 20:38:37 asus kernel: BIOS-e820: [mem 0x00000000d9fd1000-0x00000000d9ffcfff] usable
jan 26 20:38:37 asus kernel: BIOS-e820: [mem 0x00000000d9ffd000-0x00000000d9ffdfff] reserved
jan 26 20:38:37 asus kernel: BIOS-e820: [mem 0x00000000d9ffe000-0x00000000da00dfff] usable
jan 26 20:38:37 asus kernel: BIOS-e820: [mem 0x00000000da00e000-0x00000000da033fff] reserved
jan 26 20:38:37 asus kernel: BIOS-e820: [mem 0x00000000da034000-0x00000000da045fff] usable
jan 26 20:38:37 asus kernel: BIOS-e820: [mem 0x00000000da046000-0x00000000da046fff] reserved
jan 26 20:38:37 asus kernel: BIOS-e820: [mem 0x00000000da047000-0x00000000da047fff] usable
jan 26 20:38:37 asus kernel: BIOS-e820: [mem 0x00000000da048000-0x00000000da049fff] reserved
jan 26 20:38:37 asus kernel: BIOS-e820: [mem 0x00000000da04a000-0x00000000da04afff] usable
jan 26 20:38:37 asus kernel: BIOS-e820: [mem 0x00000000da04b000-0x00000000da04ffff] reserved
jan 26 20:38:37 asus kernel: BIOS-e820: [mem 0x00000000da050000-0x00000000da064fff] usable
jan 26 20:38:37 asus kernel: BIOS-e820: [mem 0x00000000da065000-0x00000000da609fff] reserved
jan 26 20:38:37 asus kernel: BIOS-e820: [mem 0x00000000da60a000-0x00000000da889fff] ACPI NVS
jan 26 20:38:37 asus kernel: BIOS-e820: [mem 0x00000000da88a000-0x00000000da88efff] ACPI data
jan 26 20:38:37 asus kernel: BIOS-e820: [mem 0x00000000da88f000-0x00000000da88ffff] usable
jan 26 20:38:37 asus kernel: BIOS-e820: [mem 0x00000000da890000-0x00000000da8d2fff] ACPI NVS
jan 26 20:38:37 asus kernel: BIOS-e820: [mem 0x00000000da8d3000-0x00000000daceafff] usable
jan 26 20:38:37 asus kernel: BIOS-e820: [mem 0x00000000daceb000-0x00000000daff3fff] reserved
jan 26 20:38:37 asus kernel: BIOS-e820: [mem 0x00000000daff4000-0x00000000daffffff] usable
jan 26 20:38:37 asus kernel: BIOS-e820: [mem 0x00000000dbc00000-0x00000000dfdfffff] reserved
jan 26 20:38:37 asus kernel: BIOS-e820: [mem 0x00000000f8000000-0x00000000fbffffff] reserved
jan 26 20:38:37 asus kernel: BIOS-e820: [mem 0x00000000fec00000-0x00000000fec00fff] reserved
jan 26 20:38:37 asus kernel: BIOS-e820: [mem 0x00000000fed00000-0x00000000fed03fff] reserved
jan 26 20:38:37 asus kernel: BIOS-e820: [mem 0x00000000fed1c000-0x00000000fed1ffff] reserved
jan 26 20:38:37 asus kernel: BIOS-e820: [mem 0x00000000fee00000-0x00000000fee00fff] reserved
jan 26 20:38:37 asus kernel: BIOS-e820: [mem 0x00000000ff000000-0x00000000ffffffff] reserved
jan 26 20:38:37 asus kernel: BIOS-e820: [mem 0x0000000100000000-0x000000011f1fffff] usable
jan 26 20:38:37 asus kernel: NX (Execute Disable) protection: active
jan 26 20:38:37 asus kernel: e820: update [mem 0xce66a018-0xce67a057] usable ==> usable
jan 26 20:38:37 asus kernel: e820: update [mem 0xce65c018-0xce669057] usable ==> usable
jan 26 20:38:37 asus kernel: extended physical RAM map:
jan 26 20:38:37 asus kernel: reserve setup_data: [mem 0x0000000000000000-0x000000000009efff] usable
jan 26 20:38:37 asus kernel: reserve setup_data: [mem 0x000000000009f000-0x000000000009ffff] reserved
jan 26 20:38:37 asus kernel: reserve setup_data: [mem 0x0000000000100000-0x000000001fffffff] usable
jan 26 20:38:37 asus kernel: reserve setup_data: [mem 0x0000000020000000-0x00000000201fffff] reserved
jan 26 20:38:37 asus kernel: reserve setup_data: [mem 0x0000000020200000-0x0000000040003fff] usable
jan 26 20:38:37 asus kernel: reserve setup_data: [mem 0x0000000040004000-0x0000000040004fff] reserved
jan 26 20:38:37 asus kernel: reserve setup_data: [mem 0x0000000040005000-0x00000000ce65c017] usable
jan 26 20:38:37 asus kernel: reserve setup_data: [mem 0x00000000ce65c018-0x00000000ce669057] usable
jan 26 20:38:37 asus kernel: reserve setup_data: [mem 0x00000000ce669058-0x00000000ce66a017] usable
jan 26 20:38:37 asus kernel: reserve setup_data: [mem 0x00000000ce66a018-0x00000000ce67a057] usable
jan 26 20:38:37 asus kernel: reserve setup_data: [mem 0x00000000ce67a058-0x00000000d973cfff] usable
jan 26 20:38:37 asus kernel: reserve setup_data: [mem 0x00000000d973d000-0x00000000d9740fff] reserved
jan 26 20:38:37 asus kernel: reserve setup_data: [mem 0x00000000d9741000-0x00000000d974ffff] usable
jan 26 20:38:37 asus kernel: reserve setup_data: [mem 0x00000000d9750000-0x00000000d9750fff] reserved
jan 26 20:38:37 asus kernel: reserve setup_data: [mem 0x00000000d9751000-0x00000000d975dfff] usable
jan 26 20:38:37 asus kernel: reserve setup_data: [mem 0x00000000d975e000-0x00000000d9d5efff] ACPI NVS
jan 26 20:38:37 asus kernel: reserve setup_data: [mem 0x00000000d9d5f000-0x00000000d9d61fff] reserved
jan 26 20:38:37 asus kernel: reserve setup_data: [mem 0x00000000d9d62000-0x00000000d9d71fff] usable
jan 26 20:38:37 asus kernel: reserve setup_data: [mem 0x00000000d9d72000-0x00000000d9d75fff] reserved
jan 26 20:38:37 asus kernel: reserve setup_data: [mem 0x00000000d9d76000-0x00000000d9d76fff] usable
jan 26 20:38:37 asus kernel: reserve setup_data: [mem 0x00000000d9d77000-0x00000000d9d7cfff] reserved
jan 26 20:38:37 asus kernel: reserve setup_data: [mem 0x00000000d9d7d000-0x00000000d9f27fff] usable
jan 26 20:38:37 asus kernel: reserve setup_data: [mem 0x00000000d9f28000-0x00000000d9f2bfff] reserved
jan 26 20:38:37 asus kernel: reserve setup_data: [mem 0x00000000d9f2c000-0x00000000d9f74fff] usable
jan 26 20:38:37 asus kernel: reserve setup_data: [mem 0x00000000d9f75000-0x00000000d9f76fff] reserved
jan 26 20:38:37 asus kernel: reserve setup_data: [mem 0x00000000d9f77000-0x00000000d9f78fff] usable
jan 26 20:38:37 asus kernel: reserve setup_data: [mem 0x00000000d9f79000-0x00000000d9f8cfff] reserved
jan 26 20:38:37 asus kernel: reserve setup_data: [mem 0x00000000d9f8d000-0x00000000d9f8ffff] usable
jan 26 20:38:37 asus kernel: reserve setup_data: [mem 0x00000000d9f90000-0x00000000d9f91fff] reserved
jan 26 20:38:37 asus kernel: reserve setup_data: [mem 0x00000000d9f92000-0x00000000d9fa8fff] usable
jan 26 20:38:37 asus kernel: reserve setup_data: [mem 0x00000000d9fa9000-0x00000000d9faefff] reserved
jan 26 20:38:37 asus kernel: reserve setup_data: [mem 0x00000000d9faf000-0x00000000d9fbcfff] usable
jan 26 20:38:37 asus kernel: reserve setup_data: [mem 0x00000000d9fbd000-0x00000000d9fbdfff] reserved
jan 26 20:38:37 asus kernel: reserve setup_data: [mem 0x00000000d9fbe000-0x00000000d9fbffff] usable
jan 26 20:38:37 asus kernel: reserve setup_data: [mem 0x00000000d9fc0000-0x00000000d9fc0fff] reserved
jan 26 20:38:37 asus kernel: reserve setup_data: [mem 0x00000000d9fc1000-0x00000000d9fcbfff] usable
jan 26 20:38:37 asus kernel: reserve setup_data: [mem 0x00000000d9fcc000-0x00000000d9fd0fff] reserved
jan 26 20:38:37 asus kernel: reserve setup_data: [mem 0x00000000d9fd1000-0x00000000d9ffcfff] usable
jan 26 20:38:37 asus kernel: reserve setup_data: [mem 0x00000000d9ffd000-0x00000000d9ffdfff] reserved
jan 26 20:38:37 asus kernel: reserve setup_data: [mem 0x00000000d9ffe000-0x00000000da00dfff] usable
jan 26 20:38:37 asus kernel: reserve setup_data: [mem 0x00000000da00e000-0x00000000da033fff] reserved
jan 26 20:38:37 asus kernel: reserve setup_data: [mem 0x00000000da034000-0x00000000da045fff] usable
jan 26 20:38:37 asus kernel: reserve setup_data: [mem 0x00000000da046000-0x00000000da046fff] reserved
jan 26 20:38:37 asus kernel: reserve setup_data: [mem 0x00000000da047000-0x00000000da047fff] usable
jan 26 20:38:37 asus kernel: reserve setup_data: [mem 0x00000000da048000-0x00000000da049fff] reserved
jan 26 20:38:37 asus kernel: reserve setup_data: [mem 0x00000000da04a000-0x00000000da04afff] usable
jan 26 20:38:37 asus kernel: reserve setup_data: [mem 0x00000000da04b000-0x00000000da04ffff] reserved
jan 26 20:38:37 asus kernel: reserve setup_data: [mem 0x00000000da050000-0x00000000da064fff] usable
jan 26 20:38:37 asus kernel: reserve setup_data: [mem 0x00000000da065000-0x00000000da609fff] reserved
jan 26 20:38:37 asus kernel: reserve setup_data: [mem 0x00000000da60a000-0x00000000da889fff] ACPI NVS
jan 26 20:38:37 asus kernel: reserve setup_data: [mem 0x00000000da88a000-0x00000000da88efff] ACPI data
jan 26 20:38:37 asus kernel: reserve setup_data: [mem 0x00000000da88f000-0x00000000da88ffff] usable
jan 26 20:38:37 asus kernel: reserve setup_data: [mem 0x00000000da890000-0x00000000da8d2fff] ACPI NVS
jan 26 20:38:37 asus kernel: reserve setup_data: [mem 0x00000000da8d3000-0x00000000daceafff] usable
jan 26 20:38:37 asus kernel: reserve setup_data: [mem 0x00000000daceb000-0x00000000daff3fff] reserved
jan 26 20:38:37 asus kernel: reserve setup_data: [mem 0x00000000daff4000-0x00000000daffffff] usable
jan 26 20:38:37 asus kernel: reserve setup_data: [mem 0x00000000dbc00000-0x00000000dfdfffff] reserved
jan 26 20:38:37 asus kernel: reserve setup_data: [mem 0x00000000f8000000-0x00000000fbffffff] reserved
jan 26 20:38:37 asus kernel: reserve setup_data: [mem 0x00000000fec00000-0x00000000fec00fff] reserved
jan 26 20:38:37 asus kernel: reserve setup_data: [mem 0x00000000fed00000-0x00000000fed03fff] reserved
jan 26 20:38:37 asus kernel: reserve setup_data: [mem 0x00000000fed1c000-0x00000000fed1ffff] reserved
jan 26 20:38:37 asus kernel: reserve setup_data: [mem 0x00000000fee00000-0x00000000fee00fff] reserved
jan 26 20:38:37 asus kernel: reserve setup_data: [mem 0x00000000ff000000-0x00000000ffffffff] reserved
jan 26 20:38:37 asus kernel: reserve setup_data: [mem 0x0000000100000000-0x000000011f1fffff] usable
jan 26 20:38:37 asus kernel: efi: EFI v2.31 by American Megatrends
jan 26 20:38:37 asus kernel: efi:  ACPI=0xda860000  ACPI 2.0=0xda860000  SMBIOS=0xf04c0  MPS=0xfd4c0 
jan 26 20:38:37 asus kernel: SMBIOS 2.7 present.
jan 26 20:38:37 asus kernel: DMI: ASUSTeK COMPUTER INC. X550CA/X550CA, BIOS X550CA.300 03/24/2014
jan 26 20:38:37 asus kernel: e820: update [mem 0x00000000-0x00000fff] usable ==> reserved
jan 26 20:38:37 asus kernel: e820: remove [mem 0x000a0000-0x000fffff] usable
jan 26 20:38:37 asus kernel: AGP: No AGP bridge found
jan 26 20:38:37 asus kernel: e820: last_pfn = 0x11f200 max_arch_pfn = 0x400000000
jan 26 20:38:37 asus kernel: MTRR default type: uncachable
jan 26 20:38:37 asus kernel: MTRR fixed ranges enabled:
jan 26 20:38:37 asus kernel:   00000-9FFFF write-back
jan 26 20:38:37 asus kernel:   A0000-BFFFF uncachable
jan 26 20:38:37 asus kernel:   C0000-CFFFF write-protect
jan 26 20:38:37 asus kernel:   D0000-DFFFF uncachable
jan 26 20:38:37 asus kernel:   E0000-FFFFF write-protect
jan 26 20:38:37 asus kernel: MTRR variable ranges enabled:
jan 26 20:38:37 asus kernel:   0 base 000000000 mask F00000000 write-back
jan 26 20:38:37 asus kernel:   1 base 100000000 mask FE0000000 write-back
jan 26 20:38:37 asus kernel:   2 base 0E0000000 mask FE0000000 uncachable
jan 26 20:38:37 asus kernel:   3 base 0DC000000 mask FFC000000 uncachable
jan 26 20:38:37 asus kernel:   4 base 0DBC00000 mask FFFC00000 uncachable
jan 26 20:38:37 asus kernel:   5 base 11F800000 mask FFF800000 uncachable
jan 26 20:38:37 asus kernel:   6 base 11F400000 mask FFFC00000 uncachable
jan 26 20:38:37 asus kernel:   7 base 11F200000 mask FFFE00000 uncachable
jan 26 20:38:37 asus kernel:   8 disabled
jan 26 20:38:37 asus kernel:   9 disabled
jan 26 20:38:37 asus kernel: PAT configuration [0-7]: WB  WC  UC- UC  WB  WC  UC- UC  
jan 26 20:38:37 asus kernel: original variable MTRRs
jan 26 20:38:37 asus kernel: reg 0, base: 0GB, range: 4GB, type WB
jan 26 20:38:37 asus kernel: reg 1, base: 4GB, range: 512MB, type WB
jan 26 20:38:37 asus kernel: reg 2, base: 3584MB, range: 512MB, type UC
jan 26 20:38:37 asus kernel: reg 3, base: 3520MB, range: 64MB, type UC
jan 26 20:38:37 asus kernel: reg 4, base: 3516MB, range: 4MB, type UC
jan 26 20:38:37 asus kernel: reg 5, base: 4600MB, range: 8MB, type UC
jan 26 20:38:37 asus kernel: reg 6, base: 4596MB, range: 4MB, type UC
jan 26 20:38:37 asus kernel: reg 7, base: 4594MB, range: 2MB, type UC
jan 26 20:38:37 asus kernel: total RAM covered: 4014M
jan 26 20:38:37 asus kernel: Found optimal setting for mtrr clean up
jan 26 20:38:37 asus kernel:  gran_size: 64K         chunk_size: 128M         num_reg: 9          lose cover RAM: 0G
jan 26 20:38:37 asus kernel: New variable MTRRs
jan 26 20:38:37 asus kernel: reg 0, base: 0GB, range: 2GB, type WB
jan 26 20:38:37 asus kernel: reg 1, base: 2GB, range: 1GB, type WB
jan 26 20:38:37 asus kernel: reg 2, base: 3GB, range: 512MB, type WB
jan 26 20:38:37 asus kernel: reg 3, base: 3516MB, range: 4MB, type UC
jan 26 20:38:37 asus kernel: reg 4, base: 3520MB, range: 64MB, type UC
jan 26 20:38:37 asus kernel: reg 5, base: 4GB, range: 512MB, type WB
jan 26 20:38:37 asus kernel: reg 6, base: 4594MB, range: 2MB, type UC
jan 26 20:38:37 asus kernel: reg 7, base: 4596MB, range: 4MB, type UC
jan 26 20:38:37 asus kernel: reg 8, base: 4600MB, range: 8MB, type UC
jan 26 20:38:37 asus kernel: e820: update [mem 0xdbc00000-0xffffffff] usable ==> reserved
jan 26 20:38:37 asus kernel: e820: last_pfn = 0xdb000 max_arch_pfn = 0x400000000
jan 26 20:38:37 asus kernel: found SMP MP-table at [mem 0x000fd7b0-0x000fd7bf] mapped at [ffff8800000fd7b0]
jan 26 20:38:37 asus kernel: Scanning 1 areas for low memory corruption
jan 26 20:38:37 asus kernel: Base memory trampoline at [ffff880000097000] 97000 size 24576
jan 26 20:38:37 asus kernel: init_memory_mapping: [mem 0x00000000-0x000fffff]
jan 26 20:38:37 asus kernel:  [mem 0x00000000-0x000fffff] page 4k
jan 26 20:38:37 asus kernel: BRK [0x02fd5000, 0x02fd5fff] PGTABLE
jan 26 20:38:37 asus kernel: BRK [0x02fd6000, 0x02fd6fff] PGTABLE
jan 26 20:38:37 asus kernel: BRK [0x02fd7000, 0x02fd7fff] PGTABLE
jan 26 20:38:37 asus kernel: init_memory_mapping: [mem 0x11f000000-0x11f1fffff]
jan 26 20:38:37 asus kernel:  [mem 0x11f000000-0x11f1fffff] page 2M
jan 26 20:38:37 asus kernel: BRK [0x02fd8000, 0x02fd8fff] PGTABLE
jan 26 20:38:37 asus kernel: init_memory_mapping: [mem 0x100000000-0x11effffff]
jan 26 20:38:37 asus kernel:  [mem 0x100000000-0x11effffff] page 2M
jan 26 20:38:37 asus kernel: init_memory_mapping: [mem 0xc0000000-0xd973cfff]
jan 26 20:38:37 asus kernel:  [mem 0xc0000000-0xd95fffff] page 2M
jan 26 20:38:37 asus kernel:  [mem 0xd9600000-0xd973cfff] page 4k
jan 26 20:38:37 asus kernel: BRK [0x02fd9000, 0x02fd9fff] PGTABLE
jan 26 20:38:37 asus kernel: BRK [0x02fda000, 0x02fdafff] PGTABLE
jan 26 20:38:37 asus kernel: init_memory_mapping: [mem 0xd9741000-0xd974ffff]
jan 26 20:38:37 asus kernel:  [mem 0xd9741000-0xd974ffff] page 4k
jan 26 20:38:37 asus kernel: init_memory_mapping: [mem 0xd9751000-0xd975dfff]
jan 26 20:38:37 asus kernel:  [mem 0xd9751000-0xd975dfff] page 4k
jan 26 20:38:37 asus kernel: init_memory_mapping: [mem 0xd9d62000-0xd9d71fff]
jan 26 20:38:37 asus kernel:  [mem 0xd9d62000-0xd9d71fff] page 4k
jan 26 20:38:37 asus kernel: init_memory_mapping: [mem 0xd9d76000-0xd9d76fff]
jan 26 20:38:37 asus kernel:  [mem 0xd9d76000-0xd9d76fff] page 4k
jan 26 20:38:37 asus kernel: init_memory_mapping: [mem 0xd9d7d000-0xd9f27fff]
jan 26 20:38:37 asus kernel:  [mem 0xd9d7d000-0xd9f27fff] page 4k
jan 26 20:38:37 asus kernel: init_memory_mapping: [mem 0xd9f2c000-0xd9f74fff]
jan 26 20:38:37 asus kernel:  [mem 0xd9f2c000-0xd9f74fff] page 4k
jan 26 20:38:37 asus kernel: init_memory_mapping: [mem 0xd9f77000-0xd9f78fff]
jan 26 20:38:37 asus kernel:  [mem 0xd9f77000-0xd9f78fff] page 4k
jan 26 20:38:37 asus kernel: init_memory_mapping: [mem 0xd9f8d000-0xd9f8ffff]
jan 26 20:38:37 asus kernel:  [mem 0xd9f8d000-0xd9f8ffff] page 4k
jan 26 20:38:37 asus kernel: init_memory_mapping: [mem 0xd9f92000-0xd9fa8fff]
jan 26 20:38:37 asus kernel:  [mem 0xd9f92000-0xd9fa8fff] page 4k
jan 26 20:38:37 asus kernel: init_memory_mapping: [mem 0xd9faf000-0xd9fbcfff]
jan 26 20:38:37 asus kernel:  [mem 0xd9faf000-0xd9fbcfff] page 4k
jan 26 20:38:37 asus kernel: init_memory_mapping: [mem 0xd9fbe000-0xd9fbffff]
jan 26 20:38:37 asus kernel:  [mem 0xd9fbe000-0xd9fbffff] page 4k
jan 26 20:38:37 asus kernel: init_memory_mapping: [mem 0xd9fc1000-0xd9fcbfff]
jan 26 20:38:37 asus kernel:  [mem 0xd9fc1000-0xd9fcbfff] page 4k
jan 26 20:38:37 asus kernel: init_memory_mapping: [mem 0xd9fd1000-0xd9ffcfff]
jan 26 20:38:37 asus kernel:  [mem 0xd9fd1000-0xd9ffcfff] page 4k
jan 26 20:38:37 asus kernel: init_memory_mapping: [mem 0xd9ffe000-0xda00dfff]
jan 26 20:38:37 asus kernel:  [mem 0xd9ffe000-0xda00dfff] page 4k
jan 26 20:38:37 asus kernel: init_memory_mapping: [mem 0xda034000-0xda045fff]
jan 26 20:38:37 asus kernel:  [mem 0xda034000-0xda045fff] page 4k
jan 26 20:38:37 asus kernel: init_memory_mapping: [mem 0xda047000-0xda047fff]
jan 26 20:38:37 asus kernel:  [mem 0xda047000-0xda047fff] page 4k
jan 26 20:38:37 asus kernel: init_memory_mapping: [mem 0xda04a000-0xda04afff]
jan 26 20:38:37 asus kernel:  [mem 0xda04a000-0xda04afff] page 4k
jan 26 20:38:37 asus kernel: init_memory_mapping: [mem 0xda050000-0xda064fff]
jan 26 20:38:37 asus kernel:  [mem 0xda050000-0xda064fff] page 4k
jan 26 20:38:37 asus kernel: init_memory_mapping: [mem 0xda88f000-0xda88ffff]
jan 26 20:38:37 asus kernel:  [mem 0xda88f000-0xda88ffff] page 4k
jan 26 20:38:37 asus kernel: init_memory_mapping: [mem 0xda8d3000-0xdaceafff]
jan 26 20:38:37 asus kernel:  [mem 0xda8d3000-0xda9fffff] page 4k
jan 26 20:38:37 asus kernel:  [mem 0xdaa00000-0xdabfffff] page 2M
jan 26 20:38:37 asus kernel:  [mem 0xdac00000-0xdaceafff] page 4k
jan 26 20:38:37 asus kernel: init_memory_mapping: [mem 0xdaff4000-0xdaffffff]
jan 26 20:38:37 asus kernel:  [mem 0xdaff4000-0xdaffffff] page 4k
jan 26 20:38:37 asus kernel: init_memory_mapping: [mem 0x00100000-0x1fffffff]
jan 26 20:38:37 asus kernel:  [mem 0x00100000-0x001fffff] page 4k
jan 26 20:38:37 asus kernel:  [mem 0x00200000-0x1fffffff] page 2M
jan 26 20:38:37 asus kernel: init_memory_mapping: [mem 0x20200000-0x40003fff]
jan 26 20:38:37 asus kernel:  [mem 0x20200000-0x3fffffff] page 2M
jan 26 20:38:37 asus kernel:  [mem 0x40000000-0x40003fff] page 4k
jan 26 20:38:37 asus kernel: init_memory_mapping: [mem 0x40005000-0xbfffffff]
jan 26 20:38:37 asus kernel:  [mem 0x40005000-0x401fffff] page 4k
jan 26 20:38:37 asus kernel:  [mem 0x40200000-0xbfffffff] page 2M
jan 26 20:38:37 asus kernel: RAMDISK: [mem 0x3ccb4000-0x3ec19fff]
jan 26 20:38:37 asus kernel: ACPI: Early table checksum verification disabled
jan 26 20:38:37 asus kernel: ACPI: RSDP 0x00000000DA860000 000024 (v02 _ASUS_)
jan 26 20:38:37 asus kernel: ACPI: XSDT 0x00000000DA860080 000084 (v01 _ASUS_ Notebook 01072009 AMI  00010013)
jan 26 20:38:37 asus kernel: ACPI: FACP 0x00000000DA871498 00010C (v05 _ASUS_ Notebook 01072009 AMI  00010013)
jan 26 20:38:37 asus kernel: ACPI: DSDT 0x00000000DA860190 011307 (v02 _ASUS_ Notebook 00000013 INTL 20091112)
jan 26 20:38:37 asus kernel: ACPI: FACS 0x00000000DA887080 000040
jan 26 20:38:37 asus kernel: ACPI: APIC 0x00000000DA8715A8 000072 (v03 _ASUS_ Notebook 01072009 AMI  00010013)
jan 26 20:38:37 asus kernel: ACPI: FPDT 0x00000000DA871620 000044 (v01 _ASUS_ Notebook 01072009 AMI  00010013)
jan 26 20:38:37 asus kernel: ACPI: ECDT 0x00000000DA871668 0000C1 (v01 _ASUS_ Notebook 01072009 AMI. 00000005)
jan 26 20:38:37 asus kernel: ACPI: MCFG 0x00000000DA871730 00003C (v01 _ASUS_ Notebook 01072009 MSFT 00000097)
jan 26 20:38:37 asus kernel: ACPI: HPET 0x00000000DA871770 000038 (v01 _ASUS_ Notebook 01072009 AMI. 00000005)
jan 26 20:38:37 asus kernel: ACPI: SSDT 0x00000000DA8717A8 000632 (v01 AhciR1 AhciTab1 00001000 INTL 20091112)
jan 26 20:38:37 asus kernel: ACPI: SSDT 0x00000000DA871DE0 00049E (v01 AhciR2 AhciTab2 00001000 INTL 20091112)
jan 26 20:38:37 asus kernel: ACPI: SSDT 0x00000000DA872280 00090A (v01 PmRef  Cpu0Ist  00003000 INTL 20051117)
jan 26 20:38:37 asus kernel: ACPI: SSDT 0x00000000DA872B90 000B18 (v01 PmRef  CpuPm    00003000 INTL 20051117)
jan 26 20:38:37 asus kernel: ACPI: DMAR 0x00000000DA8736A8 0000B8 (v01 INTEL  SNB      00000001 INTL 00000001)
jan 26 20:38:37 asus kernel: ACPI: MSDM 0x00000000DA609E18 000055 (v03 _ASUS_ Notebook 00000000 ASUS 00000001)
jan 26 20:38:37 asus kernel: ACPI: Local APIC address 0xfee00000
jan 26 20:38:37 asus kernel: No NUMA configuration found
jan 26 20:38:37 asus kernel: Faking a node at [mem 0x0000000000000000-0x000000011f1fffff]
jan 26 20:38:37 asus kernel: NODE_DATA(0) allocated [mem 0x11f1f2000-0x11f1f6fff]
jan 26 20:38:37 asus kernel:  [ffffea0000000000-ffffea00047fffff] PMD -> [ffff88011a800000-ffff88011e7fffff] on node 0
jan 26 20:38:37 asus kernel: Zone ranges:
jan 26 20:38:37 asus kernel:   DMA      [mem 0x00001000-0x00ffffff]
jan 26 20:38:37 asus kernel:   DMA32    [mem 0x01000000-0xffffffff]
jan 26 20:38:37 asus kernel:   Normal   [mem 0x100000000-0x11f1fffff]
jan 26 20:38:37 asus kernel: Movable zone start for each node
jan 26 20:38:37 asus kernel: Early memory node ranges
jan 26 20:38:37 asus kernel:   node   0: [mem 0x00001000-0x0009efff]
jan 26 20:38:37 asus kernel:   node   0: [mem 0x00100000-0x1fffffff]
jan 26 20:38:37 asus kernel:   node   0: [mem 0x20200000-0x40003fff]
jan 26 20:38:37 asus kernel:   node   0: [mem 0x40005000-0xd973cfff]
jan 26 20:38:37 asus kernel:   node   0: [mem 0xd9741000-0xd974ffff]
jan 26 20:38:37 asus kernel:   node   0: [mem 0xd9751000-0xd975dfff]
jan 26 20:38:37 asus kernel:   node   0: [mem 0xd9d62000-0xd9d71fff]
jan 26 20:38:37 asus kernel:   node   0: [mem 0xd9d76000-0xd9d76fff]
jan 26 20:38:37 asus kernel:   node   0: [mem 0xd9d7d000-0xd9f27fff]
jan 26 20:38:37 asus kernel:   node   0: [mem 0xd9f2c000-0xd9f74fff]
jan 26 20:38:37 asus kernel:   node   0: [mem 0xd9f77000-0xd9f78fff]
jan 26 20:38:37 asus kernel:   node   0: [mem 0xd9f8d000-0xd9f8ffff]
jan 26 20:38:37 asus kernel:   node   0: [mem 0xd9f92000-0xd9fa8fff]
jan 26 20:38:37 asus kernel:   node   0: [mem 0xd9faf000-0xd9fbcfff]
jan 26 20:38:37 asus kernel:   node   0: [mem 0xd9fbe000-0xd9fbffff]
jan 26 20:38:37 asus kernel:   node   0: [mem 0xd9fc1000-0xd9fcbfff]
jan 26 20:38:37 asus kernel:   node   0: [mem 0xd9fd1000-0xd9ffcfff]
jan 26 20:38:37 asus kernel:   node   0: [mem 0xd9ffe000-0xda00dfff]
jan 26 20:38:37 asus kernel:   node   0: [mem 0xda034000-0xda045fff]
jan 26 20:38:37 asus kernel:   node   0: [mem 0xda047000-0xda047fff]
jan 26 20:38:37 asus kernel:   node   0: [mem 0xda04a000-0xda04afff]
jan 26 20:38:37 asus kernel:   node   0: [mem 0xda050000-0xda064fff]
jan 26 20:38:37 asus kernel:   node   0: [mem 0xda88f000-0xda88ffff]
jan 26 20:38:37 asus kernel:   node   0: [mem 0xda8d3000-0xdaceafff]
jan 26 20:38:37 asus kernel:   node   0: [mem 0xdaff4000-0xdaffffff]
jan 26 20:38:37 asus kernel:   node   0: [mem 0x100000000-0x11f1fffff]
jan 26 20:38:37 asus kernel: Initmem setup node 0 [mem 0x00001000-0x11f1fffff]
jan 26 20:38:37 asus kernel: On node 0 totalpages: 1019324
jan 26 20:38:37 asus kernel:   DMA zone: 64 pages used for memmap
jan 26 20:38:37 asus kernel:   DMA zone: 25 pages reserved
jan 26 20:38:37 asus kernel:   DMA zone: 3998 pages, LIFO batch:0
jan 26 20:38:37 asus kernel:   DMA32 zone: 13873 pages used for memmap
jan 26 20:38:37 asus kernel:   DMA32 zone: 887838 pages, LIFO batch:31
jan 26 20:38:37 asus kernel:   Normal zone: 1992 pages used for memmap
jan 26 20:38:37 asus kernel:   Normal zone: 127488 pages, LIFO batch:31
jan 26 20:38:37 asus kernel: tboot: non-0 tboot_addr but it is not of type E820_RESERVED
jan 26 20:38:37 asus kernel: Reserving Intel graphics stolen memory at 0xdbe00000-0xdfdfffff
jan 26 20:38:37 asus kernel: ACPI: PM-Timer IO Port: 0x408
jan 26 20:38:37 asus kernel: ACPI: Local APIC address 0xfee00000
jan 26 20:38:37 asus kernel: ACPI: LAPIC (acpi_id[0x01] lapic_id[0x00] enabled)
jan 26 20:38:37 asus kernel: ACPI: LAPIC (acpi_id[0x02] lapic_id[0x02] enabled)
jan 26 20:38:37 asus kernel: ACPI: LAPIC (acpi_id[0x03] lapic_id[0x01] enabled)
jan 26 20:38:37 asus kernel: ACPI: LAPIC (acpi_id[0x04] lapic_id[0x03] enabled)
jan 26 20:38:37 asus kernel: ACPI: LAPIC_NMI (acpi_id[0xff] high edge lint[0x1])
jan 26 20:38:37 asus kernel: ACPI: IOAPIC (id[0x02] address[0xfec00000] gsi_base[0])
jan 26 20:38:37 asus kernel: IOAPIC[0]: apic_id 2, version 32, address 0xfec00000, GSI 0-23
jan 26 20:38:37 asus kernel: ACPI: INT_SRC_OVR (bus 0 bus_irq 0 global_irq 2 dfl dfl)
jan 26 20:38:37 asus kernel: ACPI: INT_SRC_OVR (bus 0 bus_irq 9 global_irq 9 high level)
jan 26 20:38:37 asus kernel: ACPI: IRQ0 used by override.
jan 26 20:38:37 asus kernel: ACPI: IRQ9 used by override.
jan 26 20:38:37 asus kernel: Using ACPI (MADT) for SMP configuration information
jan 26 20:38:37 asus kernel: ACPI: HPET id: 0x8086a701 base: 0xfed00000
jan 26 20:38:37 asus kernel: smpboot: Allowing 4 CPUs, 0 hotplug CPUs
jan 26 20:38:37 asus kernel: PM: Registered nosave memory: [mem 0x00000000-0x00000fff]
jan 26 20:38:37 asus kernel: PM: Registered nosave memory: [mem 0x0009f000-0x0009ffff]
jan 26 20:38:37 asus kernel: PM: Registered nosave memory: [mem 0x000a0000-0x000fffff]
jan 26 20:38:37 asus kernel: PM: Registered nosave memory: [mem 0x20000000-0x201fffff]
jan 26 20:38:37 asus kernel: PM: Registered nosave memory: [mem 0x40004000-0x40004fff]
jan 26 20:38:37 asus kernel: PM: Registered nosave memory: [mem 0xce65c000-0xce65cfff]
jan 26 20:38:37 asus kernel: PM: Registered nosave memory: [mem 0xce669000-0xce669fff]
jan 26 20:38:37 asus kernel: PM: Registered nosave memory: [mem 0xce66a000-0xce66afff]
jan 26 20:38:37 asus kernel: PM: Registered nosave memory: [mem 0xce67a000-0xce67afff]
jan 26 20:38:37 asus kernel: PM: Registered nosave memory: [mem 0xd973d000-0xd9740fff]
jan 26 20:38:37 asus kernel: PM: Registered nosave memory: [mem 0xd9750000-0xd9750fff]
jan 26 20:38:37 asus kernel: PM: Registered nosave memory: [mem 0xd975e000-0xd9d5efff]
jan 26 20:38:37 asus kernel: PM: Registered nosave memory: [mem 0xd9d5f000-0xd9d61fff]
jan 26 20:38:37 asus kernel: PM: Registered nosave memory: [mem 0xd9d72000-0xd9d75fff]
jan 26 20:38:37 asus kernel: PM: Registered nosave memory: [mem 0xd9d77000-0xd9d7cfff]
jan 26 20:38:37 asus kernel: PM: Registered nosave memory: [mem 0xd9f28000-0xd9f2bfff]
jan 26 20:38:37 asus kernel: PM: Registered nosave memory: [mem 0xd9f75000-0xd9f76fff]
jan 26 20:38:37 asus kernel: PM: Registered nosave memory: [mem 0xd9f79000-0xd9f8cfff]
jan 26 20:38:37 asus kernel: PM: Registered nosave memory: [mem 0xd9f90000-0xd9f91fff]
jan 26 20:38:37 asus kernel: PM: Registered nosave memory: [mem 0xd9fa9000-0xd9faefff]
jan 26 20:38:37 asus kernel: PM: Registered nosave memory: [mem 0xd9fbd000-0xd9fbdfff]
jan 26 20:38:37 asus kernel: PM: Registered nosave memory: [mem 0xd9fc0000-0xd9fc0fff]
jan 26 20:38:37 asus kernel: PM: Registered nosave memory: [mem 0xd9fcc000-0xd9fd0fff]
jan 26 20:38:37 asus kernel: PM: Registered nosave memory: [mem 0xd9ffd000-0xd9ffdfff]
jan 26 20:38:37 asus kernel: PM: Registered nosave memory: [mem 0xda00e000-0xda033fff]
jan 26 20:38:37 asus kernel: PM: Registered nosave memory: [mem 0xda046000-0xda046fff]
jan 26 20:38:37 asus kernel: PM: Registered nosave memory: [mem 0xda048000-0xda049fff]
jan 26 20:38:37 asus kernel: PM: Registered nosave memory: [mem 0xda04b000-0xda04ffff]
jan 26 20:38:37 asus kernel: PM: Registered nosave memory: [mem 0xda065000-0xda609fff]
jan 26 20:38:37 asus kernel: PM: Registered nosave memory: [mem 0xda60a000-0xda889fff]
jan 26 20:38:37 asus kernel: PM: Registered nosave memory: [mem 0xda88a000-0xda88efff]
jan 26 20:38:37 asus kernel: PM: Registered nosave memory: [mem 0xda890000-0xda8d2fff]
jan 26 20:38:37 asus kernel: PM: Registered nosave memory: [mem 0xdaceb000-0xdaff3fff]
jan 26 20:38:37 asus kernel: PM: Registered nosave memory: [mem 0xdb000000-0xdbbfffff]
jan 26 20:38:37 asus kernel: PM: Registered nosave memory: [mem 0xdbc00000-0xdfdfffff]
jan 26 20:38:37 asus kernel: PM: Registered nosave memory: [mem 0xdfe00000-0xf7ffffff]
jan 26 20:38:37 asus kernel: PM: Registered nosave memory: [mem 0xf8000000-0xfbffffff]
jan 26 20:38:37 asus kernel: PM: Registered nosave memory: [mem 0xfc000000-0xfebfffff]
jan 26 20:38:37 asus kernel: PM: Registered nosave memory: [mem 0xfec00000-0xfec00fff]
jan 26 20:38:37 asus kernel: PM: Registered nosave memory: [mem 0xfec01000-0xfecfffff]
jan 26 20:38:37 asus kernel: PM: Registered nosave memory: [mem 0xfed00000-0xfed03fff]
jan 26 20:38:37 asus kernel: PM: Registered nosave memory: [mem 0xfed04000-0xfed1bfff]
jan 26 20:38:37 asus kernel: PM: Registered nosave memory: [mem 0xfed1c000-0xfed1ffff]
jan 26 20:38:37 asus kernel: PM: Registered nosave memory: [mem 0xfed20000-0xfedfffff]
jan 26 20:38:37 asus kernel: PM: Registered nosave memory: [mem 0xfee00000-0xfee00fff]
jan 26 20:38:37 asus kernel: PM: Registered nosave memory: [mem 0xfee01000-0xfeffffff]
jan 26 20:38:37 asus kernel: PM: Registered nosave memory: [mem 0xff000000-0xffffffff]
jan 26 20:38:37 asus kernel: e820: [mem 0xdfe00000-0xf7ffffff] available for PCI devices
jan 26 20:38:37 asus kernel: Booting paravirtualized kernel on bare hardware
jan 26 20:38:37 asus kernel: setup_percpu: NR_CPUS:256 nr_cpumask_bits:256 nr_cpu_ids:4 nr_node_ids:1
jan 26 20:38:37 asus kernel: PERCPU: Embedded 31 pages/cpu @ffff88011ee00000 s86144 r8192 d32640 u524288
jan 26 20:38:37 asus kernel: pcpu-alloc: s86144 r8192 d32640 u524288 alloc=1*2097152
jan 26 20:38:37 asus kernel: pcpu-alloc: [0] 0 1 2 3 
jan 26 20:38:37 asus kernel: Built 1 zonelists in Node order, mobility grouping on.  Total pages: 1003370
jan 26 20:38:37 asus kernel: Policy zone: Normal
jan 26 20:38:37 asus kernel: Kernel command line: BOOT_IMAGE=/boot/vmlinuz-3.19.0-78-generic.efi.signed root=UUID=084c0e48-3a59-4232-bf98-f9e71966ce84 ro quiet splash vt.handoff=7
jan 26 20:38:37 asus kernel: PID hash table entries: 4096 (order: 3, 32768 bytes)
jan 26 20:38:37 asus kernel: xsave: enabled xstate_bv 0x7, cntxt size 0x340 using standard form
jan 26 20:38:37 asus kernel: AGP: Checking aperture...
jan 26 20:38:37 asus kernel: AGP: No AGP bridge found
jan 26 20:38:37 asus kernel: Calgary: detecting Calgary via BIOS EBDA area
jan 26 20:38:37 asus kernel: Calgary: Unable to locate Rio Grande table in EBDA - bailing!
jan 26 20:38:37 asus kernel: Memory: 3716048K/4077296K available (7948K kernel code, 1175K rwdata, 3760K rodata, 1412K init, 1292K bss, 361248K reserved, 0K cma-reserved)
jan 26 20:38:37 asus kernel: SLUB: HWalign=64, Order=0-3, MinObjects=0, CPUs=4, Nodes=1
jan 26 20:38:37 asus kernel: Hierarchical RCU implementation.
jan 26 20:38:37 asus kernel:         RCU dyntick-idle grace-period acceleration is enabled.
jan 26 20:38:37 asus kernel:         RCU restricting CPUs from NR_CPUS=256 to nr_cpu_ids=4.
jan 26 20:38:37 asus kernel: RCU: Adjusting geometry for rcu_fanout_leaf=16, nr_cpu_ids=4
jan 26 20:38:37 asus kernel: NR_IRQS:16640 nr_irqs:456 16
jan 26 20:38:37 asus kernel:         Offload RCU callbacks from all CPUs
jan 26 20:38:37 asus kernel:         Offload RCU callbacks from CPUs: 0-3.
jan 26 20:38:37 asus kernel: vt handoff: transparent VT on vt#7
jan 26 20:38:37 asus kernel: Console: colour dummy device 80x25
jan 26 20:38:37 asus kernel: console [tty0] enabled
jan 26 20:38:37 asus kernel: hpet clockevent registered
jan 26 20:38:37 asus kernel: tsc: Fast TSC calibration using PIT
jan 26 20:38:37 asus kernel: tsc: Detected 1795.948 MHz processor
jan 26 20:38:37 asus kernel: Calibrating delay loop (skipped), value calculated using timer frequency.. 3591.89 BogoMIPS (lpj=7183792)
jan 26 20:38:37 asus kernel: pid_max: default: 32768 minimum: 301
jan 26 20:38:37 asus kernel: ACPI: Core revision 20141107
jan 26 20:38:37 asus kernel: ACPI: All ACPI Tables successfully acquired
jan 26 20:38:37 asus kernel: Security Framework initialized
jan 26 20:38:37 asus kernel: AppArmor: AppArmor initialized
jan 26 20:38:37 asus kernel: Yama: becoming mindful.
jan 26 20:38:37 asus kernel: Dentry cache hash table entries: 524288 (order: 10, 4194304 bytes)
jan 26 20:38:37 asus kernel: Inode-cache hash table entries: 262144 (order: 9, 2097152 bytes)
jan 26 20:38:37 asus kernel: Mount-cache hash table entries: 8192 (order: 4, 65536 bytes)
jan 26 20:38:37 asus kernel: Mountpoint-cache hash table entries: 8192 (order: 4, 65536 bytes)
jan 26 20:38:37 asus kernel: Initializing cgroup subsys memory
jan 26 20:38:37 asus kernel: Initializing cgroup subsys devices
jan 26 20:38:37 asus kernel: Initializing cgroup subsys freezer
jan 26 20:38:37 asus kernel: Initializing cgroup subsys net_cls
jan 26 20:38:37 asus kernel: Initializing cgroup subsys blkio
jan 26 20:38:37 asus kernel: Initializing cgroup subsys perf_event
jan 26 20:38:37 asus kernel: Initializing cgroup subsys net_prio
jan 26 20:38:37 asus kernel: Initializing cgroup subsys hugetlb
jan 26 20:38:37 asus kernel: CPU: Physical Processor ID: 0
jan 26 20:38:37 asus kernel: CPU: Processor Core ID: 0
jan 26 20:38:37 asus kernel: ENERGY_PERF_BIAS: Set to 'normal', was 'performance'
                             ENERGY_PERF_BIAS: View and update with x86_energy_perf_policy(8)
jan 26 20:38:37 asus kernel: mce: CPU supports 7 MCE banks
jan 26 20:38:37 asus kernel: CPU0: Thermal monitoring enabled (TM1)
jan 26 20:38:37 asus kernel: process: using mwait in idle threads
jan 26 20:38:37 asus kernel: Last level iTLB entries: 4KB 512, 2MB 8, 4MB 8
                             Last level dTLB entries: 4KB 512, 2MB 32, 4MB 32, 1GB 0
jan 26 20:38:37 asus kernel: Freeing SMP alternatives memory: 32K (ffffffff81e88000 - ffffffff81e90000)
jan 26 20:38:37 asus kernel: ftrace: allocating 30062 entries in 118 pages
jan 26 20:38:37 asus kernel: dmar: Host address width 36
jan 26 20:38:37 asus kernel: dmar: DRHD base: 0x000000fed90000 flags: 0x0
jan 26 20:38:37 asus kernel: dmar: IOMMU 0: reg_base_addr fed90000 ver 1:0 cap c0000020e60262 ecap f0101a
jan 26 20:38:37 asus kernel: dmar: DRHD base: 0x000000fed91000 flags: 0x1
jan 26 20:38:37 asus kernel: dmar: IOMMU 1: reg_base_addr fed91000 ver 1:0 cap c9008020660262 ecap f0105a
jan 26 20:38:37 asus kernel: dmar: RMRR base: 0x000000da5a1000 end: 0x000000da5adfff
jan 26 20:38:37 asus kernel: dmar: RMRR base: 0x000000dbc00000 end: 0x000000dfdfffff
jan 26 20:38:37 asus kernel: IOAPIC id 2 under DRHD base  0xfed91000 IOMMU 1
jan 26 20:38:37 asus kernel: HPET id 0 under DRHD base 0xfed91000
jan 26 20:38:37 asus kernel: Queued invalidation will be enabled to support x2apic and Intr-remapping.
jan 26 20:38:37 asus kernel: Enabled IRQ remapping in x2apic mode
jan 26 20:38:37 asus kernel: Enabling x2apic
jan 26 20:38:37 asus kernel: Enabled x2apic
jan 26 20:38:37 asus kernel: Switched APIC routing to cluster x2apic.
jan 26 20:38:37 asus kernel: ..TIMER: vector=0x30 apic1=0 pin1=2 apic2=-1 pin2=-1
jan 26 20:38:37 asus kernel: smpboot: CPU0: Intel(R) Core(TM) i5-3337U CPU @ 1.80GHz (fam: 06, model: 3a, stepping: 09)
jan 26 20:38:37 asus kernel: TSC deadline timer enabled
jan 26 20:38:37 asus kernel: Performance Events: PEBS fmt1+, 16-deep LBR, IvyBridge events, full-width counters, Intel PMU driver.
jan 26 20:38:37 asus kernel: ... version:                3
jan 26 20:38:37 asus kernel: ... bit width:              48
jan 26 20:38:37 asus kernel: ... generic registers:      4
jan 26 20:38:37 asus kernel: ... value mask:             0000ffffffffffff
jan 26 20:38:37 asus kernel: ... max period:             0000ffffffffffff
jan 26 20:38:37 asus kernel: ... fixed-purpose events:   3
jan 26 20:38:37 asus kernel: ... event mask:             000000070000000f
jan 26 20:38:37 asus kernel: x86: Booting SMP configuration:
jan 26 20:38:37 asus kernel: .... node  #0, CPUs:      #1
jan 26 20:38:37 asus kernel: NMI watchdog: enabled on all CPUs, permanently consumes one hw-PMU counter.
jan 26 20:38:37 asus kernel:  #2 #3
jan 26 20:38:37 asus kernel: x86: Booted up 1 node, 4 CPUs
jan 26 20:38:37 asus kernel: smpboot: Total of 4 processors activated (14367.58 BogoMIPS)
jan 26 20:38:37 asus kernel: devtmpfs: initialized
jan 26 20:38:37 asus kernel: evm: security.selinux
jan 26 20:38:37 asus kernel: evm: security.SMACK64
jan 26 20:38:37 asus kernel: evm: security.SMACK64EXEC
jan 26 20:38:37 asus kernel: evm: security.SMACK64TRANSMUTE
jan 26 20:38:37 asus kernel: evm: security.SMACK64MMAP
jan 26 20:38:37 asus kernel: evm: security.ima
jan 26 20:38:37 asus kernel: evm: security.capability
jan 26 20:38:37 asus kernel: PM: Registering ACPI NVS region [mem 0xd975e000-0xd9d5efff] (6295552 bytes)
jan 26 20:38:37 asus kernel: PM: Registering ACPI NVS region [mem 0xda60a000-0xda889fff] (2621440 bytes)
jan 26 20:38:37 asus kernel: PM: Registering ACPI NVS region [mem 0xda890000-0xda8d2fff] (274432 bytes)
jan 26 20:38:37 asus kernel: pinctrl core: initialized pinctrl subsystem
jan 26 20:38:37 asus kernel: RTC time: 19:38:27, date: 01/26/21
jan 26 20:38:37 asus kernel: NET: Registered protocol family 16
jan 26 20:38:37 asus kernel: cpuidle: using governor ladder
jan 26 20:38:37 asus kernel: cpuidle: using governor menu
jan 26 20:38:37 asus kernel: ACPI FADT declares the system doesn't support PCIe ASPM, so disable it
jan 26 20:38:37 asus kernel: ACPI: bus type PCI registered
jan 26 20:38:37 asus kernel: acpiphp: ACPI Hot Plug PCI Controller Driver version: 0.5
jan 26 20:38:37 asus kernel: PCI: MMCONFIG for domain 0000 [bus 00-3f] at [mem 0xf8000000-0xfbffffff] (base 0xf8000000)
jan 26 20:38:37 asus kernel: PCI: MMCONFIG at [mem 0xf8000000-0xfbffffff] reserved in E820
jan 26 20:38:37 asus kernel: PCI: Using configuration type 1 for base access
jan 26 20:38:37 asus kernel: ACPI: Added _OSI(Module Device)
jan 26 20:38:37 asus kernel: ACPI: Added _OSI(Processor Device)
jan 26 20:38:37 asus kernel: ACPI: Added _OSI(3.0 _SCP Extensions)
jan 26 20:38:37 asus kernel: ACPI: Added _OSI(Processor Aggregator Device)
jan 26 20:38:37 asus kernel: ACPI : EC: EC description table is found, configuring boot EC
jan 26 20:38:37 asus kernel: ACPI: Executed 1 blocks of module-level executable AML code
jan 26 20:38:37 asus kernel: [Firmware Bug]: ACPI: BIOS _OSI(Linux) query ignored
jan 26 20:38:37 asus kernel: ACPI: Dynamic OEM Table Load:
jan 26 20:38:37 asus kernel: ACPI: SSDT 0xFFFF88011952A000 000853 (v01 PmRef  Cpu0Cst  00003001 INTL 20051117)
jan 26 20:38:37 asus kernel: ACPI: Dynamic OEM Table Load:
jan 26 20:38:37 asus kernel: ACPI: SSDT 0xFFFF8801194E6800 000303 (v01 PmRef  ApIst    00003000 INTL 20051117)
jan 26 20:38:37 asus kernel: ACPI: Dynamic OEM Table Load:
jan 26 20:38:37 asus kernel: ACPI: SSDT 0xFFFF880119550000 000119 (v01 PmRef  ApCst    00003000 INTL 20051117)
jan 26 20:38:37 asus kernel: ACPI: Interpreter enabled
jan 26 20:38:37 asus kernel: ACPI Exception: AE_NOT_FOUND, While evaluating Sleep State [\_S1_] (20141107/hwxface-580)
jan 26 20:38:37 asus kernel: ACPI Exception: AE_NOT_FOUND, While evaluating Sleep State [\_S2_] (20141107/hwxface-580)
jan 26 20:38:37 asus kernel: ACPI: (supports S0 S3 S4 S5)
jan 26 20:38:37 asus kernel: ACPI: Using IOAPIC for interrupt routing
jan 26 20:38:37 asus kernel: PCI: Using host bridge windows from ACPI; if necessary, use "pci=nocrs" and report a bug
jan 26 20:38:37 asus kernel: ACPI: PCI Root Bridge [PCI0] (domain 0000 [bus 00-3e])
jan 26 20:38:37 asus kernel: acpi PNP0A08:00: _OSC: OS supports [ExtendedConfig ASPM ClockPM Segments MSI]
jan 26 20:38:37 asus kernel: acpi PNP0A08:00: _OSC: platform does not support [PCIeHotplug PME]
jan 26 20:38:37 asus kernel: acpi PNP0A08:00: _OSC: OS now controls [AER PCIeCapability]
jan 26 20:38:37 asus kernel: acpi PNP0A08:00: FADT indicates ASPM is unsupported, using BIOS configuration
jan 26 20:38:37 asus kernel: PCI host bridge to bus 0000:00
jan 26 20:38:37 asus kernel: pci_bus 0000:00: root bus resource [bus 00-3e]
jan 26 20:38:37 asus kernel: pci_bus 0000:00: root bus resource [io  0x0000-0x0cf7]
jan 26 20:38:37 asus kernel: pci_bus 0000:00: root bus resource [io  0x0d00-0xffff]
jan 26 20:38:37 asus kernel: pci_bus 0000:00: root bus resource [mem 0x000a0000-0x000bffff]
jan 26 20:38:37 asus kernel: pci_bus 0000:00: root bus resource [mem 0x000d0000-0x000d3fff]
jan 26 20:38:37 asus kernel: pci_bus 0000:00: root bus resource [mem 0x000d4000-0x000d7fff]
jan 26 20:38:37 asus kernel: pci_bus 0000:00: root bus resource [mem 0x000d8000-0x000dbfff]
jan 26 20:38:37 asus kernel: pci_bus 0000:00: root bus resource [mem 0x000dc000-0x000dffff]
jan 26 20:38:37 asus kernel: pci_bus 0000:00: root bus resource [mem 0xdfe00000-0xfeafffff]
jan 26 20:38:37 asus kernel: pci 0000:00:00.0: [8086:0154] type 00 class 0x060000
jan 26 20:38:37 asus kernel: pci 0000:00:02.0: [8086:0166] type 00 class 0x030000
jan 26 20:38:37 asus kernel: pci 0000:00:02.0: reg 0x10: [mem 0xf7800000-0xf7bfffff 64bit]
jan 26 20:38:37 asus kernel: pci 0000:00:02.0: reg 0x18: [mem 0xe0000000-0xefffffff 64bit pref]
jan 26 20:38:37 asus kernel: pci 0000:00:02.0: reg 0x20: [io  0xf000-0xf03f]
jan 26 20:38:37 asus kernel: pci 0000:00:14.0: [8086:1e31] type 00 class 0x0c0330
jan 26 20:38:37 asus kernel: pci 0000:00:14.0: reg 0x10: [mem 0xf7e00000-0xf7e0ffff 64bit]
jan 26 20:38:37 asus kernel: pci 0000:00:14.0: PME# supported from D3hot D3cold
jan 26 20:38:37 asus kernel: pci 0000:00:14.0: System wakeup disabled by ACPI
jan 26 20:38:37 asus kernel: pci 0000:00:16.0: [8086:1e3a] type 00 class 0x078000
jan 26 20:38:37 asus kernel: pci 0000:00:16.0: reg 0x10: [mem 0xf7e1a000-0xf7e1a00f 64bit]
jan 26 20:38:37 asus kernel: pci 0000:00:16.0: PME# supported from D0 D3hot D3cold
jan 26 20:38:37 asus kernel: pci 0000:00:1a.0: [8086:1e2d] type 00 class 0x0c0320
jan 26 20:38:37 asus kernel: pci 0000:00:1a.0: reg 0x10: [mem 0xf7e18000-0xf7e183ff]
jan 26 20:38:37 asus kernel: pci 0000:00:1a.0: PME# supported from D0 D3hot D3cold
jan 26 20:38:37 asus kernel: pci 0000:00:1a.0: System wakeup disabled by ACPI
jan 26 20:38:37 asus kernel: pci 0000:00:1b.0: [8086:1e20] type 00 class 0x040300
jan 26 20:38:37 asus kernel: pci 0000:00:1b.0: reg 0x10: [mem 0xf7e10000-0xf7e13fff 64bit]
jan 26 20:38:37 asus kernel: pci 0000:00:1b.0: PME# supported from D0 D3hot D3cold
jan 26 20:38:37 asus kernel: pci 0000:00:1b.0: System wakeup disabled by ACPI
jan 26 20:38:37 asus kernel: pci 0000:00:1c.0: [8086:1e10] type 01 class 0x060400
jan 26 20:38:37 asus kernel: pci 0000:00:1c.0: PME# supported from D0 D3hot D3cold
jan 26 20:38:37 asus kernel: pci 0000:00:1c.0: System wakeup disabled by ACPI
jan 26 20:38:37 asus kernel: pci 0000:00:1c.1: [8086:1e12] type 01 class 0x060400
jan 26 20:38:37 asus kernel: pci 0000:00:1c.1: PME# supported from D0 D3hot D3cold
jan 26 20:38:37 asus kernel: pci 0000:00:1c.3: [8086:1e16] type 01 class 0x060400
jan 26 20:38:37 asus kernel: pci 0000:00:1c.3: PME# supported from D0 D3hot D3cold
jan 26 20:38:37 asus kernel: pci 0000:00:1c.3: System wakeup disabled by ACPI
jan 26 20:38:37 asus kernel: pci 0000:00:1d.0: [8086:1e26] type 00 class 0x0c0320
jan 26 20:38:37 asus kernel: pci 0000:00:1d.0: reg 0x10: [mem 0xf7e17000-0xf7e173ff]
jan 26 20:38:37 asus kernel: pci 0000:00:1d.0: PME# supported from D0 D3hot D3cold
jan 26 20:38:37 asus kernel: pci 0000:00:1d.0: System wakeup disabled by ACPI
jan 26 20:38:37 asus kernel: pci 0000:00:1f.0: [8086:1e59] type 00 class 0x060100
jan 26 20:38:37 asus kernel: pci 0000:00:1f.2: [8086:1e03] type 00 class 0x010601
jan 26 20:38:37 asus kernel: pci 0000:00:1f.2: reg 0x10: [io  0xf0b0-0xf0b7]
jan 26 20:38:37 asus kernel: pci 0000:00:1f.2: reg 0x14: [io  0xf0a0-0xf0a3]
jan 26 20:38:37 asus kernel: pci 0000:00:1f.2: reg 0x18: [io  0xf090-0xf097]
jan 26 20:38:37 asus kernel: pci 0000:00:1f.2: reg 0x1c: [io  0xf080-0xf083]
jan 26 20:38:37 asus kernel: pci 0000:00:1f.2: reg 0x20: [io  0xf060-0xf07f]
jan 26 20:38:37 asus kernel: pci 0000:00:1f.2: reg 0x24: [mem 0xf7e16000-0xf7e167ff]
jan 26 20:38:37 asus kernel: pci 0000:00:1f.2: PME# supported from D3hot
jan 26 20:38:37 asus kernel: pci 0000:00:1f.3: [8086:1e22] type 00 class 0x0c0500
jan 26 20:38:37 asus kernel: pci 0000:00:1f.3: reg 0x10: [mem 0xf7e15000-0xf7e150ff 64bit]
jan 26 20:38:37 asus kernel: pci 0000:00:1f.3: reg 0x20: [io  0xf040-0xf05f]
jan 26 20:38:37 asus kernel: pci 0000:00:1c.0: PCI bridge to [bus 01]
jan 26 20:38:37 asus kernel: pci 0000:02:00.0: [14c3:7630] type 00 class 0x028000
jan 26 20:38:37 asus kernel: pci 0000:02:00.0: reg 0x10: [mem 0xf7d00000-0xf7dfffff]
jan 26 20:38:37 asus kernel: pci 0000:02:00.0: PME# supported from D0 D3hot D3cold
jan 26 20:38:37 asus kernel: pci 0000:02:00.0: System wakeup disabled by ACPI
jan 26 20:38:37 asus kernel: pci 0000:00:1c.1: PCI bridge to [bus 02]
jan 26 20:38:37 asus kernel: pci 0000:00:1c.1:   bridge window [mem 0xf7d00000-0xf7dfffff]
jan 26 20:38:37 asus kernel: pci 0000:03:00.0: [10ec:5289] type 00 class 0xff0000
jan 26 20:38:37 asus kernel: pci 0000:03:00.0: reg 0x10: [mem 0xf7c00000-0xf7c0ffff]
jan 26 20:38:37 asus kernel: pci 0000:03:00.0: supports D1 D2
jan 26 20:38:37 asus kernel: pci 0000:03:00.0: PME# supported from D1 D2 D3hot D3cold
jan 26 20:38:37 asus kernel: pci 0000:03:00.2: [10ec:8168] type 00 class 0x020000
jan 26 20:38:37 asus kernel: pci 0000:03:00.2: reg 0x10: [io  0xe000-0xe0ff]
jan 26 20:38:37 asus kernel: pci 0000:03:00.2: reg 0x18: [mem 0xf0004000-0xf0004fff 64bit pref]
jan 26 20:38:37 asus kernel: pci 0000:03:00.2: reg 0x20: [mem 0xf0000000-0xf0003fff 64bit pref]
jan 26 20:38:37 asus kernel: pci 0000:03:00.2: supports D1 D2
jan 26 20:38:37 asus kernel: pci 0000:03:00.2: PME# supported from D0 D1 D2 D3hot D3cold
jan 26 20:38:37 asus kernel: pci 0000:03:00.2: System wakeup disabled by ACPI
jan 26 20:38:37 asus kernel: pci 0000:00:1c.3: PCI bridge to [bus 03]
jan 26 20:38:37 asus kernel: pci 0000:00:1c.3:   bridge window [io  0xe000-0xefff]
jan 26 20:38:37 asus kernel: pci 0000:00:1c.3:   bridge window [mem 0xf7c00000-0xf7cfffff]
jan 26 20:38:37 asus kernel: pci 0000:00:1c.3:   bridge window [mem 0xf0000000-0xf00fffff 64bit pref]
jan 26 20:38:37 asus kernel: ACPI: PCI Interrupt Link [LNKA] (IRQs 3 4 5 6 7 10 *11 12)
jan 26 20:38:37 asus kernel: ACPI: PCI Interrupt Link [LNKB] (IRQs *3 4 5 6 7 10 12)
jan 26 20:38:37 asus kernel: ACPI: PCI Interrupt Link [LNKC] (IRQs 3 4 5 6 7 *10 12)
jan 26 20:38:37 asus kernel: ACPI: PCI Interrupt Link [LNKD] (IRQs 3 4 5 6 7 *10 12)
jan 26 20:38:37 asus kernel: ACPI: PCI Interrupt Link [LNKE] (IRQs 3 4 5 6 7 10 12) *0, disabled.
jan 26 20:38:37 asus kernel: ACPI: PCI Interrupt Link [LNKF] (IRQs 3 4 5 6 7 10 12) *0, disabled.
jan 26 20:38:37 asus kernel: ACPI: PCI Interrupt Link [LNKG] (IRQs 3 4 *5 6 7 10 12)
jan 26 20:38:37 asus kernel: ACPI: PCI Interrupt Link [LNKH] (IRQs 3 *4 5 6 7 10 12)
jan 26 20:38:37 asus kernel: ACPI: Enabled 4 GPEs in block 00 to 3F
jan 26 20:38:37 asus kernel: ACPI : EC: GPE = 0x19, I/O: command/status = 0x66, data = 0x62
jan 26 20:38:37 asus kernel: vgaarb: setting as boot device: PCI:0000:00:02.0
jan 26 20:38:37 asus kernel: vgaarb: device added: PCI:0000:00:02.0,decodes=io+mem,owns=io+mem,locks=none
jan 26 20:38:37 asus kernel: vgaarb: loaded
jan 26 20:38:37 asus kernel: vgaarb: bridge control possible 0000:00:02.0
jan 26 20:38:37 asus kernel: SCSI subsystem initialized
jan 26 20:38:37 asus kernel: libata version 3.00 loaded.
jan 26 20:38:37 asus kernel: ACPI: bus type USB registered
jan 26 20:38:37 asus kernel: usbcore: registered new interface driver usbfs
jan 26 20:38:37 asus kernel: usbcore: registered new interface driver hub
jan 26 20:38:37 asus kernel: usbcore: registered new device driver usb
jan 26 20:38:37 asus kernel: PCI: Using ACPI for IRQ routing
jan 26 20:38:37 asus kernel: PCI: pci_cache_line_size set to 64 bytes
jan 26 20:38:37 asus kernel: e820: reserve RAM buffer [mem 0x0009f000-0x0009ffff]
jan 26 20:38:37 asus kernel: e820: reserve RAM buffer [mem 0x40004000-0x43ffffff]
jan 26 20:38:37 asus kernel: e820: reserve RAM buffer [mem 0xce65c018-0xcfffffff]
jan 26 20:38:37 asus kernel: e820: reserve RAM buffer [mem 0xce66a018-0xcfffffff]
jan 26 20:38:37 asus kernel: e820: reserve RAM buffer [mem 0xd973d000-0xdbffffff]
jan 26 20:38:37 asus kernel: e820: reserve RAM buffer [mem 0xd9750000-0xdbffffff]
jan 26 20:38:37 asus kernel: e820: reserve RAM buffer [mem 0xd975e000-0xdbffffff]
jan 26 20:38:37 asus kernel: e820: reserve RAM buffer [mem 0xd9d72000-0xdbffffff]
jan 26 20:38:37 asus kernel: e820: reserve RAM buffer [mem 0xd9d77000-0xdbffffff]
jan 26 20:38:37 asus kernel: e820: reserve RAM buffer [mem 0xd9f28000-0xdbffffff]
jan 26 20:38:37 asus kernel: e820: reserve RAM buffer [mem 0xd9f75000-0xdbffffff]
jan 26 20:38:37 asus kernel: e820: reserve RAM buffer [mem 0xd9f79000-0xdbffffff]
jan 26 20:38:37 asus kernel: e820: reserve RAM buffer [mem 0xd9f90000-0xdbffffff]
jan 26 20:38:37 asus kernel: e820: reserve RAM buffer [mem 0xd9fa9000-0xdbffffff]
jan 26 20:38:37 asus kernel: e820: reserve RAM buffer [mem 0xd9fbd000-0xdbffffff]
jan 26 20:38:37 asus kernel: e820: reserve RAM buffer [mem 0xd9fc0000-0xdbffffff]
jan 26 20:38:37 asus kernel: e820: reserve RAM buffer [mem 0xd9fcc000-0xdbffffff]
jan 26 20:38:37 asus kernel: e820: reserve RAM buffer [mem 0xd9ffd000-0xdbffffff]
jan 26 20:38:37 asus kernel: e820: reserve RAM buffer [mem 0xda00e000-0xdbffffff]
jan 26 20:38:37 asus kernel: e820: reserve RAM buffer [mem 0xda046000-0xdbffffff]
jan 26 20:38:37 asus kernel: e820: reserve RAM buffer [mem 0xda048000-0xdbffffff]
jan 26 20:38:37 asus kernel: e820: reserve RAM buffer [mem 0xda04b000-0xdbffffff]
jan 26 20:38:37 asus kernel: e820: reserve RAM buffer [mem 0xda065000-0xdbffffff]
jan 26 20:38:37 asus kernel: e820: reserve RAM buffer [mem 0xda890000-0xdbffffff]
jan 26 20:38:37 asus kernel: e820: reserve RAM buffer [mem 0xdaceb000-0xdbffffff]
jan 26 20:38:37 asus kernel: e820: reserve RAM buffer [mem 0xdb000000-0xdbffffff]
jan 26 20:38:37 asus kernel: e820: reserve RAM buffer [mem 0x11f200000-0x11fffffff]
jan 26 20:38:37 asus kernel: NetLabel: Initializing
jan 26 20:38:37 asus kernel: NetLabel:  domain hash size = 128
jan 26 20:38:37 asus kernel: NetLabel:  protocols = UNLABELED CIPSOv4
jan 26 20:38:37 asus kernel: NetLabel:  unlabeled traffic allowed by default
jan 26 20:38:37 asus kernel: hpet0: at MMIO 0xfed00000, IRQs 2, 8, 0, 0, 0, 0, 0, 0
jan 26 20:38:37 asus kernel: hpet0: 8 comparators, 64-bit 14.318180 MHz counter
jan 26 20:38:37 asus kernel: Switched to clocksource hpet
jan 26 20:38:37 asus kernel: AppArmor: AppArmor Filesystem Enabled
jan 26 20:38:37 asus kernel: pnp: PnP ACPI init
jan 26 20:38:37 asus kernel: system 00:00: [mem 0xfed40000-0xfed44fff] has been reserved
jan 26 20:38:37 asus kernel: system 00:00: Plug and Play ACPI device, IDs PNP0c01 (active)
jan 26 20:38:37 asus kernel: system 00:01: [io  0x0680-0x069f] has been reserved
jan 26 20:38:37 asus kernel: system 00:01: [io  0x1000-0x100f] has been reserved
jan 26 20:38:37 asus kernel: system 00:01: [io  0xffff] has been reserved
jan 26 20:38:37 asus kernel: system 00:01: [io  0xffff] has been reserved
jan 26 20:38:37 asus kernel: system 00:01: [io  0x0400-0x0453] could not be reserved
jan 26 20:38:37 asus kernel: system 00:01: [io  0x0458-0x047f] has been reserved
jan 26 20:38:37 asus kernel: system 00:01: [io  0x0500-0x057f] has been reserved
jan 26 20:38:37 asus kernel: system 00:01: [io  0x164e-0x164f] has been reserved
jan 26 20:38:37 asus kernel: system 00:01: Plug and Play ACPI device, IDs PNP0c02 (active)
jan 26 20:38:37 asus kernel: pnp 00:02: Plug and Play ACPI device, IDs PNP0b00 (active)
jan 26 20:38:37 asus kernel: system 00:03: [io  0x0454-0x0457] has been reserved
jan 26 20:38:37 asus kernel: system 00:03: Plug and Play ACPI device, IDs INT3f0d PNP0c02 (active)
jan 26 20:38:37 asus kernel: system 00:04: [io  0x04d0-0x04d1] has been reserved
jan 26 20:38:37 asus kernel: system 00:04: Plug and Play ACPI device, IDs PNP0c02 (active)
jan 26 20:38:37 asus kernel: pnp 00:05: Plug and Play ACPI device, IDs ETD0108 SYN0a00 SYN0002 PNP0f03 PNP0f13 PNP0f12 (active)
jan 26 20:38:37 asus kernel: pnp 00:06: Plug and Play ACPI device, IDs ATK3001 PNP030b (active)
jan 26 20:38:37 asus kernel: system 00:07: [mem 0xfed1c000-0xfed1ffff] has been reserved
jan 26 20:38:37 asus kernel: system 00:07: [mem 0xfed10000-0xfed17fff] has been reserved
jan 26 20:38:37 asus kernel: system 00:07: [mem 0xfed18000-0xfed18fff] has been reserved
jan 26 20:38:37 asus kernel: system 00:07: [mem 0xfed19000-0xfed19fff] has been reserved
jan 26 20:38:37 asus kernel: system 00:07: [mem 0xf8000000-0xfbffffff] has been reserved
jan 26 20:38:37 asus kernel: system 00:07: [mem 0xfed20000-0xfed3ffff] has been reserved
jan 26 20:38:37 asus kernel: system 00:07: [mem 0xfed90000-0xfed93fff] could not be reserved
jan 26 20:38:37 asus kernel: system 00:07: [mem 0xfed45000-0xfed8ffff] has been reserved
jan 26 20:38:37 asus kernel: system 00:07: [mem 0xff000000-0xffffffff] has been reserved
jan 26 20:38:37 asus kernel: system 00:07: [mem 0xfee00000-0xfeefffff] could not be reserved
jan 26 20:38:37 asus kernel: system 00:07: [mem 0xdfe00000-0xdfe00fff] has been reserved
jan 26 20:38:37 asus kernel: system 00:07: Plug and Play ACPI device, IDs PNP0c02 (active)
jan 26 20:38:37 asus kernel: system 00:08: [mem 0xdfe00000-0xdfe00fff] has been reserved
jan 26 20:38:37 asus kernel: system 00:08: Plug and Play ACPI device, IDs PNP0c02 (active)
jan 26 20:38:37 asus kernel: system 00:09: [mem 0x20000000-0x201fffff] has been reserved
jan 26 20:38:37 asus kernel: system 00:09: [mem 0x40004000-0x40004fff] has been reserved
jan 26 20:38:37 asus kernel: system 00:09: Plug and Play ACPI device, IDs PNP0c01 (active)
jan 26 20:38:37 asus kernel: pnp: PnP ACPI: found 10 devices
jan 26 20:38:37 asus kernel: pci 0000:00:1c.0: PCI bridge to [bus 01]
jan 26 20:38:37 asus kernel: pci 0000:00:1c.1: PCI bridge to [bus 02]
jan 26 20:38:37 asus kernel: pci 0000:00:1c.1:   bridge window [mem 0xf7d00000-0xf7dfffff]
jan 26 20:38:37 asus kernel: pci 0000:00:1c.3: PCI bridge to [bus 03]
jan 26 20:38:37 asus kernel: pci 0000:00:1c.3:   bridge window [io  0xe000-0xefff]
jan 26 20:38:37 asus kernel: pci 0000:00:1c.3:   bridge window [mem 0xf7c00000-0xf7cfffff]
jan 26 20:38:37 asus kernel: pci 0000:00:1c.3:   bridge window [mem 0xf0000000-0xf00fffff 64bit pref]
jan 26 20:38:37 asus kernel: pci_bus 0000:00: resource 4 [io  0x0000-0x0cf7]
jan 26 20:38:37 asus kernel: pci_bus 0000:00: resource 5 [io  0x0d00-0xffff]
jan 26 20:38:37 asus kernel: pci_bus 0000:00: resource 6 [mem 0x000a0000-0x000bffff]
jan 26 20:38:37 asus kernel: pci_bus 0000:00: resource 7 [mem 0x000d0000-0x000d3fff]
jan 26 20:38:37 asus kernel: pci_bus 0000:00: resource 8 [mem 0x000d4000-0x000d7fff]
jan 26 20:38:37 asus kernel: pci_bus 0000:00: resource 9 [mem 0x000d8000-0x000dbfff]
jan 26 20:38:37 asus kernel: pci_bus 0000:00: resource 10 [mem 0x000dc000-0x000dffff]
jan 26 20:38:37 asus kernel: pci_bus 0000:00: resource 11 [mem 0xdfe00000-0xfeafffff]
jan 26 20:38:37 asus kernel: pci_bus 0000:02: resource 1 [mem 0xf7d00000-0xf7dfffff]
jan 26 20:38:37 asus kernel: pci_bus 0000:03: resource 0 [io  0xe000-0xefff]
jan 26 20:38:37 asus kernel: pci_bus 0000:03: resource 1 [mem 0xf7c00000-0xf7cfffff]
jan 26 20:38:37 asus kernel: pci_bus 0000:03: resource 2 [mem 0xf0000000-0xf00fffff 64bit pref]
jan 26 20:38:37 asus kernel: NET: Registered protocol family 2
jan 26 20:38:37 asus kernel: TCP established hash table entries: 32768 (order: 6, 262144 bytes)
jan 26 20:38:37 asus kernel: TCP bind hash table entries: 32768 (order: 7, 524288 bytes)
jan 26 20:38:37 asus kernel: TCP: Hash tables configured (established 32768 bind 32768)
jan 26 20:38:37 asus kernel: TCP: reno registered
jan 26 20:38:37 asus kernel: UDP hash table entries: 2048 (order: 4, 65536 bytes)
jan 26 20:38:37 asus kernel: UDP-Lite hash table entries: 2048 (order: 4, 65536 bytes)
jan 26 20:38:37 asus kernel: NET: Registered protocol family 1
jan 26 20:38:37 asus kernel: pci 0000:00:02.0: Video device with shadowed ROM
jan 26 20:38:37 asus kernel: PCI: CLS 64 bytes, default 64
jan 26 20:38:37 asus kernel: Trying to unpack rootfs image as initramfs...
jan 26 20:38:37 asus kernel: Freeing initrd memory: 32152K (ffff88003ccb4000 - ffff88003ec1a000)
jan 26 20:38:37 asus kernel: PCI-DMA: Using software bounce buffering for IO (SWIOTLB)
jan 26 20:38:37 asus kernel: software IO TLB [mem 0xca65c000-0xce65c000] (64MB) mapped at [ffff8800ca65c000-ffff8800ce65bfff]
jan 26 20:38:37 asus kernel: RAPL PMU detected, hw unit 2^-16 Joules, API unit is 2^-32 Joules, 3 fixed counters 163840 ms ovfl timer
jan 26 20:38:37 asus kernel: microcode: CPU0 sig=0x306a9, pf=0x10, revision=0x15
jan 26 20:38:37 asus kernel: microcode: CPU1 sig=0x306a9, pf=0x10, revision=0x15
jan 26 20:38:37 asus kernel: microcode: CPU2 sig=0x306a9, pf=0x10, revision=0x15
jan 26 20:38:37 asus kernel: microcode: CPU3 sig=0x306a9, pf=0x10, revision=0x15
jan 26 20:38:37 asus kernel: microcode: Microcode Update Driver: v2.00 <tigran@aivazian.fsnet.co.uk>, Peter Oruba
jan 26 20:38:37 asus kernel: Scanning for low memory corruption every 60 seconds
jan 26 20:38:37 asus kernel: futex hash table entries: 1024 (order: 4, 65536 bytes)
jan 26 20:38:37 asus kernel: Initialise system trusted keyring
jan 26 20:38:37 asus kernel: audit: initializing netlink subsys (disabled)
jan 26 20:38:37 asus kernel: audit: type=2000 audit(1611689906.988:1): initialized
jan 26 20:38:37 asus kernel: HugeTLB registered 2 MB page size, pre-allocated 0 pages
jan 26 20:38:37 asus kernel: zpool: loaded
jan 26 20:38:37 asus kernel: zbud: loaded
jan 26 20:38:37 asus kernel: VFS: Disk quotas dquot_6.5.2
jan 26 20:38:37 asus kernel: VFS: Dquot-cache hash table entries: 512 (order 0, 4096 bytes)
jan 26 20:38:37 asus kernel: fuse init (API version 7.23)
jan 26 20:38:37 asus kernel: Key type big_key registered
jan 26 20:38:37 asus kernel: Key type asymmetric registered
jan 26 20:38:37 asus kernel: Asymmetric key parser 'x509' registered
jan 26 20:38:37 asus kernel: Block layer SCSI generic (bsg) driver version 0.4 loaded (major 252)
jan 26 20:38:37 asus kernel: io scheduler noop registered
jan 26 20:38:37 asus kernel: io scheduler deadline registered (default)
jan 26 20:38:37 asus kernel: io scheduler cfq registered
jan 26 20:38:37 asus kernel: pci_hotplug: PCI Hot Plug PCI Core version: 0.5
jan 26 20:38:37 asus kernel: pciehp: PCI Express Hot Plug Controller Driver version: 0.4
jan 26 20:38:37 asus kernel: efifb: probing for efifb
jan 26 20:38:37 asus kernel: efifb: framebuffer at 0xe0000000, mapped to 0xffffc90004800000, using 3072k, total 3072k
jan 26 20:38:37 asus kernel: efifb: mode is 1024x768x32, linelength=4096, pages=1
jan 26 20:38:37 asus kernel: efifb: scrolling: redraw
jan 26 20:38:37 asus kernel: efifb: Truecolor: size=8:8:8:8, shift=24:16:8:0
jan 26 20:38:37 asus kernel: Console: switching to colour frame buffer device 128x48
jan 26 20:38:37 asus kernel: fb0: EFI VGA frame buffer device
jan 26 20:38:37 asus kernel: intel_idle: MWAIT substates: 0x21120
jan 26 20:38:37 asus kernel: intel_idle: v0.4 model 0x3A
jan 26 20:38:37 asus kernel: intel_idle: lapic_timer_reliable_states 0xffffffff
jan 26 20:38:37 asus kernel: ACPI: AC Adapter [AC0] (on-line)
jan 26 20:38:37 asus kernel: input: Lid Switch as /devices/LNXSYSTM:00/LNXSYBUS:00/PNP0C0D:00/input/input0
jan 26 20:38:37 asus kernel: ACPI: Lid Switch [LID]
jan 26 20:38:37 asus kernel: input: Sleep Button as /devices/LNXSYSTM:00/LNXSYBUS:00/PNP0C0E:00/input/input1
jan 26 20:38:37 asus kernel: ACPI: Sleep Button [SLPB]
jan 26 20:38:37 asus kernel: input: Power Button as /devices/LNXSYSTM:00/LNXPWRBN:00/input/input2
jan 26 20:38:37 asus kernel: ACPI: Power Button [PWRF]
jan 26 20:38:37 asus kernel: thermal LNXTHERM:00: registered as thermal_zone0
jan 26 20:38:37 asus kernel: ACPI: Thermal Zone [THRM] (42 C)
jan 26 20:38:37 asus kernel: GHES: HEST is not enabled!
jan 26 20:38:37 asus kernel: Serial: 8250/16550 driver, 32 ports, IRQ sharing enabled
jan 26 20:38:37 asus kernel: Linux agpgart interface v0.103
jan 26 20:38:37 asus kernel: brd: module loaded
jan 26 20:38:37 asus kernel: loop: module loaded
jan 26 20:38:37 asus kernel: libphy: Fixed MDIO Bus: probed
jan 26 20:38:37 asus kernel: tun: Universal TUN/TAP device driver, 1.6
jan 26 20:38:37 asus kernel: tun: (C) 1999-2004 Max Krasnyansky <maxk@qualcomm.com>
jan 26 20:38:37 asus kernel: PPP generic driver version 2.4.2
jan 26 20:38:37 asus kernel: ehci_hcd: USB 2.0 'Enhanced' Host Controller (EHCI) Driver
jan 26 20:38:37 asus kernel: ehci-pci: EHCI PCI platform driver
jan 26 20:38:37 asus kernel: ehci-pci 0000:00:1a.0: EHCI Host Controller
jan 26 20:38:37 asus kernel: ehci-pci 0000:00:1a.0: new USB bus registered, assigned bus number 1
jan 26 20:38:37 asus kernel: ehci-pci 0000:00:1a.0: debug port 2
jan 26 20:38:37 asus kernel: ehci-pci 0000:00:1a.0: cache line size of 64 is not supported
jan 26 20:38:37 asus kernel: ehci-pci 0000:00:1a.0: irq 16, io mem 0xf7e18000
jan 26 20:38:37 asus kernel: ehci-pci 0000:00:1a.0: USB 2.0 started, EHCI 1.00
jan 26 20:38:37 asus kernel: usb usb1: New USB device found, idVendor=1d6b, idProduct=0002
jan 26 20:38:37 asus kernel: usb usb1: New USB device strings: Mfr=3, Product=2, SerialNumber=1
jan 26 20:38:37 asus kernel: usb usb1: Product: EHCI Host Controller
jan 26 20:38:37 asus kernel: usb usb1: Manufacturer: Linux 3.19.0-78-generic ehci_hcd
jan 26 20:38:37 asus kernel: usb usb1: SerialNumber: 0000:00:1a.0
jan 26 20:38:37 asus kernel: hub 1-0:1.0: USB hub found
jan 26 20:38:37 asus kernel: hub 1-0:1.0: 2 ports detected
jan 26 20:38:37 asus kernel: ehci-pci 0000:00:1d.0: EHCI Host Controller
jan 26 20:38:37 asus kernel: ehci-pci 0000:00:1d.0: new USB bus registered, assigned bus number 2
jan 26 20:38:37 asus kernel: ehci-pci 0000:00:1d.0: debug port 2
jan 26 20:38:37 asus kernel: ehci-pci 0000:00:1d.0: cache line size of 64 is not supported
jan 26 20:38:37 asus kernel: ehci-pci 0000:00:1d.0: irq 23, io mem 0xf7e17000
jan 26 20:38:37 asus kernel: ACPI: Battery Slot [BAT0] (battery present)
jan 26 20:38:37 asus kernel: ehci-pci 0000:00:1d.0: USB 2.0 started, EHCI 1.00
jan 26 20:38:37 asus kernel: usb usb2: New USB device found, idVendor=1d6b, idProduct=0002
jan 26 20:38:37 asus kernel: usb usb2: New USB device strings: Mfr=3, Product=2, SerialNumber=1
jan 26 20:38:37 asus kernel: usb usb2: Product: EHCI Host Controller
jan 26 20:38:37 asus kernel: usb usb2: Manufacturer: Linux 3.19.0-78-generic ehci_hcd
jan 26 20:38:37 asus kernel: usb usb2: SerialNumber: 0000:00:1d.0
jan 26 20:38:37 asus kernel: hub 2-0:1.0: USB hub found
jan 26 20:38:37 asus kernel: hub 2-0:1.0: 2 ports detected
jan 26 20:38:37 asus kernel: ehci-platform: EHCI generic platform driver
jan 26 20:38:37 asus kernel: ohci_hcd: USB 1.1 'Open' Host Controller (OHCI) Driver
jan 26 20:38:37 asus kernel: ohci-pci: OHCI PCI platform driver
jan 26 20:38:37 asus kernel: ohci-platform: OHCI generic platform driver
jan 26 20:38:37 asus kernel: uhci_hcd: USB Universal Host Controller Interface driver
jan 26 20:38:37 asus kernel: xhci_hcd 0000:00:14.0: xHCI Host Controller
jan 26 20:38:37 asus kernel: xhci_hcd 0000:00:14.0: new USB bus registered, assigned bus number 3
jan 26 20:38:37 asus kernel: xhci_hcd 0000:00:14.0: cache line size of 64 is not supported
jan 26 20:38:37 asus kernel: usb usb3: New USB device found, idVendor=1d6b, idProduct=0002
jan 26 20:38:37 asus kernel: usb usb3: New USB device strings: Mfr=3, Product=2, SerialNumber=1
jan 26 20:38:37 asus kernel: usb usb3: Product: xHCI Host Controller
jan 26 20:38:37 asus kernel: usb usb3: Manufacturer: Linux 3.19.0-78-generic xhci-hcd
jan 26 20:38:37 asus kernel: usb usb3: SerialNumber: 0000:00:14.0
jan 26 20:38:37 asus kernel: hub 3-0:1.0: USB hub found
jan 26 20:38:37 asus kernel: hub 3-0:1.0: 4 ports detected
jan 26 20:38:37 asus kernel: xhci_hcd 0000:00:14.0: xHCI Host Controller
jan 26 20:38:37 asus kernel: xhci_hcd 0000:00:14.0: new USB bus registered, assigned bus number 4
jan 26 20:38:37 asus kernel: usb usb4: New USB device found, idVendor=1d6b, idProduct=0003
jan 26 20:38:37 asus kernel: usb usb4: New USB device strings: Mfr=3, Product=2, SerialNumber=1
jan 26 20:38:37 asus kernel: usb usb4: Product: xHCI Host Controller
jan 26 20:38:37 asus kernel: usb usb4: Manufacturer: Linux 3.19.0-78-generic xhci-hcd
jan 26 20:38:37 asus kernel: usb usb4: SerialNumber: 0000:00:14.0
jan 26 20:38:37 asus kernel: hub 4-0:1.0: USB hub found
jan 26 20:38:37 asus kernel: hub 4-0:1.0: 4 ports detected
jan 26 20:38:37 asus kernel: i8042: PNP: PS/2 Controller [PNP030b:PS2K,PNP0f03:PS2M] at 0x60,0x64 irq 1,12
jan 26 20:38:37 asus kernel: i8042: Detected active multiplexing controller, rev 1.1
jan 26 20:38:37 asus kernel: serio: i8042 KBD port at 0x60,0x64 irq 1
jan 26 20:38:37 asus kernel: serio: i8042 AUX0 port at 0x60,0x64 irq 12
jan 26 20:38:37 asus kernel: serio: i8042 AUX1 port at 0x60,0x64 irq 12
jan 26 20:38:37 asus kernel: serio: i8042 AUX2 port at 0x60,0x64 irq 12
jan 26 20:38:37 asus kernel: serio: i8042 AUX3 port at 0x60,0x64 irq 12
jan 26 20:38:37 asus kernel: mousedev: PS/2 mouse device common for all mice
jan 26 20:38:37 asus kernel: rtc_cmos 00:02: RTC can wake from S4
jan 26 20:38:37 asus kernel: rtc_cmos 00:02: rtc core: registered rtc_cmos as rtc0
jan 26 20:38:37 asus kernel: rtc_cmos 00:02: alarms up to one month, y3k, 242 bytes nvram, hpet irqs
jan 26 20:38:37 asus kernel: i2c /dev entries driver
jan 26 20:38:37 asus kernel: device-mapper: uevent: version 1.0.3
jan 26 20:38:37 asus kernel: device-mapper: ioctl: 4.29.0-ioctl (2014-10-28) initialised: dm-devel@redhat.com
jan 26 20:38:37 asus kernel: Intel P-state driver initializing.
jan 26 20:38:37 asus kernel: Consider also installing thermald for improved thermal control.
jan 26 20:38:37 asus kernel: ledtrig-cpu: registered to indicate activity on CPUs
jan 26 20:38:37 asus kernel: EFI Variables Facility v0.08 2004-May-17
jan 26 20:38:37 asus kernel: input: AT Translated Set 2 keyboard as /devices/platform/i8042/serio0/input/input3
jan 26 20:38:37 asus kernel: PCCT header not found.
jan 26 20:38:37 asus kernel: TCP: cubic registered
jan 26 20:38:37 asus kernel: NET: Registered protocol family 10
jan 26 20:38:37 asus kernel: NET: Registered protocol family 17
jan 26 20:38:37 asus kernel: Key type dns_resolver registered
jan 26 20:38:37 asus kernel: Loading compiled-in X.509 certificates
jan 26 20:38:37 asus kernel: Loaded X.509 cert 'Magrathea: Glacier signing key: efa6928e6c793db1f27094a39ddd502ed20291b2'
jan 26 20:38:37 asus kernel: registered taskstats version 1
jan 26 20:38:37 asus kernel: Key type trusted registered
jan 26 20:38:37 asus kernel: Key type encrypted registered
jan 26 20:38:37 asus kernel: AppArmor: AppArmor sha1 policy hashing enabled
jan 26 20:38:37 asus kernel: ima: No TPM chip found, activating TPM-bypass!
jan 26 20:38:37 asus kernel: evm: HMAC attrs: 0x1
jan 26 20:38:37 asus kernel:   Magic number: 5:520:648
jan 26 20:38:37 asus kernel: acpi LNXCPU:01: hash matches
jan 26 20:38:37 asus kernel: rtc_cmos 00:02: setting system clock to 2021-01-26 19:38:28 UTC (1611689908)
jan 26 20:38:37 asus kernel: BIOS EDD facility v0.16 2004-Jun-25, 0 devices found
jan 26 20:38:37 asus kernel: EDD information not available.
jan 26 20:38:37 asus kernel: PM: Hibernation image not present or could not be loaded.
jan 26 20:38:37 asus kernel: Freeing unused kernel memory: 1412K (ffffffff81d27000 - ffffffff81e88000)
jan 26 20:38:37 asus kernel: Write protecting the kernel read-only data: 12288k
jan 26 20:38:37 asus kernel: Freeing unused kernel memory: 232K (ffff8800027c6000 - ffff880002800000)
jan 26 20:38:37 asus kernel: Freeing unused kernel memory: 336K (ffff880002bac000 - ffff880002c00000)
jan 26 20:38:37 asus kernel: random: systemd-udevd urandom read with 8 bits of entropy available
jan 26 20:38:37 asus kernel: wmi: Mapper loaded
jan 26 20:38:37 asus kernel: rtsx_pci 0000:03:00.0: rtsx_pci_acquire_irq: pcr->msi_en = 1, pci->irq = 27
jan 26 20:38:37 asus kernel: [drm] Initialized drm 1.1.0 20060810
jan 26 20:38:37 asus kernel: ahci 0000:00:1f.2: version 3.0
jan 26 20:38:37 asus kernel: ahci 0000:00:1f.2: AHCI 0001.0300 32 slots 6 ports 6 Gbps 0x1 impl SATA mode
jan 26 20:38:37 asus kernel: ahci 0000:00:1f.2: flags: 64bit ncq pm led clo pio slum part ems apst 
jan 26 20:38:37 asus kernel: r8169 Gigabit Ethernet driver 2.3LK-NAPI loaded
jan 26 20:38:37 asus kernel: r8169 0000:03:00.2: can't disable ASPM; OS doesn't have ASPM control
jan 26 20:38:37 asus kernel: r8169 0000:03:00.2 eth0: RTL8411 at 0xffffc9000066a000, 10:c3:7b:ea:72:09, XID 08800800 IRQ 29
jan 26 20:38:37 asus kernel: r8169 0000:03:00.2 eth0: jumbo features [frames: 9200 bytes, tx checksumming: ko]
jan 26 20:38:37 asus kernel: scsi host0: ahci
jan 26 20:38:37 asus kernel: scsi host1: ahci
jan 26 20:38:37 asus kernel: scsi host2: ahci
jan 26 20:38:37 asus kernel: scsi host3: ahci
jan 26 20:38:37 asus kernel: scsi host4: ahci
jan 26 20:38:37 asus kernel: scsi host5: ahci
jan 26 20:38:37 asus kernel: ata1: SATA max UDMA/133 abar m2048@0xf7e16000 port 0xf7e16100 irq 28
jan 26 20:38:37 asus kernel: ata2: DUMMY
jan 26 20:38:37 asus kernel: ata3: DUMMY
jan 26 20:38:37 asus kernel: ata4: DUMMY
jan 26 20:38:37 asus kernel: ata5: DUMMY
jan 26 20:38:37 asus kernel: ata6: DUMMY
jan 26 20:38:37 asus kernel: [drm] Memory usable by graphics device = 2048M
jan 26 20:38:37 asus kernel: checking generic (e0000000 300000) vs hw (e0000000 10000000)
jan 26 20:38:37 asus kernel: fb: switching to inteldrmfb from EFI VGA
jan 26 20:38:37 asus kernel: Console: switching to colour dummy device 80x25
jan 26 20:38:37 asus kernel: [drm] Replacing VGA console driver
jan 26 20:38:37 asus kernel: [drm] Supports vblank timestamp caching Rev 2 (21.10.2013).
jan 26 20:38:37 asus kernel: [drm] Driver supports precise vblank timestamp query.
jan 26 20:38:37 asus kernel: vgaarb: device changed decodes: PCI:0000:00:02.0,olddecodes=io+mem,decodes=io+mem:owns=io+mem
jan 26 20:38:37 asus kernel: ACPI: Video Device [GFX0] (multi-head: yes  rom: no  post: no)
jan 26 20:38:37 asus kernel: input: Video Bus as /devices/LNXSYSTM:00/LNXSYBUS:00/PNP0A08:00/LNXVIDEO:00/input/input12
jan 26 20:38:37 asus kernel: [drm] Initialized i915 1.6.0 20141121 for 0000:00:02.0 on minor 0
jan 26 20:38:37 asus kernel: fbcon: inteldrmfb (fb0) is primary device
jan 26 20:38:37 asus kernel: Console: switching to colour frame buffer device 170x48
jan 26 20:38:37 asus kernel: i915 0000:00:02.0: fb0: inteldrmfb frame buffer device
jan 26 20:38:37 asus kernel: i915 0000:00:02.0: registered panic notifier
jan 26 20:38:37 asus kernel: usb 1-1: new high-speed USB device number 2 using ehci-pci
jan 26 20:38:37 asus kernel: usb 2-1: new high-speed USB device number 2 using ehci-pci
jan 26 20:38:37 asus kernel: usb 1-1: New USB device found, idVendor=8087, idProduct=0024
jan 26 20:38:37 asus kernel: usb 1-1: New USB device strings: Mfr=0, Product=0, SerialNumber=0
jan 26 20:38:37 asus kernel: hub 1-1:1.0: USB hub found
jan 26 20:38:37 asus kernel: hub 1-1:1.0: 6 ports detected
jan 26 20:38:37 asus kernel: usb 2-1: New USB device found, idVendor=8087, idProduct=0024
jan 26 20:38:37 asus kernel: usb 2-1: New USB device strings: Mfr=0, Product=0, SerialNumber=0
jan 26 20:38:37 asus kernel: hub 2-1:1.0: USB hub found
jan 26 20:38:37 asus kernel: hub 2-1:1.0: 6 ports detected
jan 26 20:38:37 asus kernel: ata1: SATA link up 6.0 Gbps (SStatus 133 SControl 300)
jan 26 20:38:37 asus kernel: ata1.00: ACPI cmd f5/00:00:00:00:00:a0 (SECURITY FREEZE LOCK) filtered out
jan 26 20:38:37 asus kernel: ata1.00: ACPI cmd ef/10:06:00:00:00:a0 (SET FEATURES) succeeded
jan 26 20:38:37 asus kernel: ata1.00: ACPI cmd ef/10:03:00:00:00:a0 (SET FEATURES) filtered out
jan 26 20:38:37 asus kernel: ata1.00: ATA-9: WDC WD5000LPVX-80V0TT0, 01.01A01, max UDMA/133
jan 26 20:38:37 asus kernel: ata1.00: 976773168 sectors, multi 16: LBA48 NCQ (depth 31/32), AA
jan 26 20:38:37 asus kernel: ata1.00: ACPI cmd f5/00:00:00:00:00:a0 (SECURITY FREEZE LOCK) filtered out
jan 26 20:38:37 asus kernel: ata1.00: ACPI cmd ef/10:06:00:00:00:a0 (SET FEATURES) succeeded
jan 26 20:38:37 asus kernel: ata1.00: ACPI cmd ef/10:03:00:00:00:a0 (SET FEATURES) filtered out
jan 26 20:38:37 asus kernel: ata1.00: configured for UDMA/133
jan 26 20:38:37 asus kernel: scsi 0:0:0:0: Direct-Access     ATA      WDC WD5000LPVX-8 1A01 PQ: 0 ANSI: 5
jan 26 20:38:37 asus kernel: sd 0:0:0:0: Attached scsi generic sg0 type 0
jan 26 20:38:37 asus kernel: sd 0:0:0:0: [sda] 976773168 512-byte logical blocks: (500 GB/465 GiB)
jan 26 20:38:37 asus kernel: sd 0:0:0:0: [sda] 4096-byte physical blocks
jan 26 20:38:37 asus kernel: sd 0:0:0:0: [sda] Write Protect is off
jan 26 20:38:37 asus kernel: sd 0:0:0:0: [sda] Mode Sense: 00 3a 00 00
jan 26 20:38:37 asus kernel: sd 0:0:0:0: [sda] Write cache: enabled, read cache: enabled, doesn't support DPO or FUA
jan 26 20:38:37 asus kernel:  sda: sda1 sda2 sda3
jan 26 20:38:37 asus kernel: sd 0:0:0:0: [sda] Attached SCSI disk
jan 26 20:38:37 asus kernel: usb 1-1.1: new high-speed USB device number 3 using ehci-pci
jan 26 20:38:37 asus kernel: usb 1-1.1: New USB device found, idVendor=0489, idProduct=e069
jan 26 20:38:37 asus kernel: usb 1-1.1: New USB device strings: Mfr=1, Product=2, SerialNumber=3
jan 26 20:38:37 asus kernel: usb 1-1.1: Product: BT
jan 26 20:38:37 asus kernel: usb 1-1.1: Manufacturer: MediaTek
jan 26 20:38:37 asus kernel: usb 1-1.1: SerialNumber: 1.0
jan 26 20:38:37 asus kernel: psmouse serio4: elantech: assuming hardware version 4 (with firmware version 0x461f15)
jan 26 20:38:37 asus kernel: usb 1-1.3: new high-speed USB device number 4 using ehci-pci
jan 26 20:38:37 asus kernel: psmouse serio4: elantech: Synaptics capabilities query result 0x10, 0x14, 0x0e.
jan 26 20:38:37 asus kernel: tsc: Refined TSC clocksource calibration: 1795.920 MHz
jan 26 20:38:37 asus kernel: input: ETPS/2 Elantech Touchpad as /devices/platform/i8042/serio4/input/input11
jan 26 20:38:37 asus kernel: usb 1-1.3: New USB device found, idVendor=04f2, idProduct=b40a
jan 26 20:38:37 asus kernel: usb 1-1.3: New USB device strings: Mfr=3, Product=1, SerialNumber=2
jan 26 20:38:37 asus kernel: usb 1-1.3: Product: USB2.0 HD UVC WebCam
jan 26 20:38:37 asus kernel: usb 1-1.3: Manufacturer: Chicony Electronics Co.,Ltd.
jan 26 20:38:37 asus kernel: usb 1-1.3: SerialNumber: 0x0001
jan 26 20:38:37 asus kernel: random: nonblocking pool is initialized
jan 26 20:38:37 asus kernel: EXT4-fs (sda2): mounted filesystem with ordered data mode. Opts: (null)
jan 26 20:38:37 asus kernel: Switched to clocksource tsc
jan 26 20:38:37 asus systemd[1]: systemd 229 running in system mode. (+PAM +AUDIT +SELINUX +IMA +APPARMOR +SMACK +SYSVINIT +UTMP +LIBCRYPTSETUP +GCRYPT +GNUTLS +ACL +XZ -LZ4 +SECCOMP +BLKID +ELFUTILS +KMOD -IDN)
jan 26 20:38:37 asus systemd[1]: Detected architecture x86-64.
jan 26 20:38:37 asus systemd[1]: Set hostname to <asus>.
jan 26 20:38:37 asus systemd[1]: [/etc/systemd/system/snap-gnome\x2d3\x2d28\x2d1804-145.mount:10] Unknown lvalue 'LazyUnmount' in section 'Mount'
jan 26 20:38:37 asus systemd[1]: [/etc/systemd/system/snap-core18-1932.mount:10] Unknown lvalue 'LazyUnmount' in section 'Mount'
jan 26 20:38:37 asus systemd[1]: [/etc/systemd/system/snap-eclipse-40.mount:10] Unknown lvalue 'LazyUnmount' in section 'Mount'
jan 26 20:38:37 asus systemd[1]: [/etc/systemd/system/snap-gtk\x2dcommon\x2dthemes-1506.mount:10] Unknown lvalue 'LazyUnmount' in section 'Mount'
jan 26 20:38:37 asus systemd[1]: [/etc/systemd/system/snap-core-10444.mount:10] Unknown lvalue 'LazyUnmount' in section 'Mount'
jan 26 20:38:37 asus systemd[1]: [/etc/systemd/system/snap-arduino-32.mount:10] Unknown lvalue 'LazyUnmount' in section 'Mount'
jan 26 20:38:37 asus systemd[1]: [/etc/systemd/system/snap-arduino-41.mount:10] Unknown lvalue 'LazyUnmount' in section 'Mount'
jan 26 20:38:37 asus systemd[1]: [/etc/systemd/system/snap-core18-1944.mount:10] Unknown lvalue 'LazyUnmount' in section 'Mount'
jan 26 20:38:37 asus systemd[1]: [/etc/systemd/system/snap-rpi\x2dimager-129.mount:10] Unknown lvalue 'LazyUnmount' in section 'Mount'
jan 26 20:38:37 asus systemd[1]: [/etc/systemd/system/snap-gtk2\x2dcommon\x2dthemes-9.mount:10] Unknown lvalue 'LazyUnmount' in section 'Mount'
jan 26 20:38:37 asus systemd[1]: [/etc/systemd/system/snap-core-10583.mount:10] Unknown lvalue 'LazyUnmount' in section 'Mount'
jan 26 20:38:37 asus systemd[1]: [/etc/systemd/system/snap-gnome\x2d3\x2d28\x2d1804-128.mount:10] Unknown lvalue 'LazyUnmount' in section 'Mount'
jan 26 20:38:37 asus systemd[1]: [/etc/systemd/system/snap-mqtt\x2dexplorer-29.mount:10] Unknown lvalue 'LazyUnmount' in section 'Mount'
jan 26 20:38:37 asus systemd[1]: [/etc/systemd/system/snap-gtk2\x2dcommon\x2dthemes-13.mount:10] Unknown lvalue 'LazyUnmount' in section 'Mount'
jan 26 20:38:37 asus systemd[1]: [/etc/systemd/system/snap-rpi\x2dimager-137.mount:10] Unknown lvalue 'LazyUnmount' in section 'Mount'
jan 26 20:38:37 asus systemd[1]: [/etc/systemd/system/snap-eclipse-48.mount:10] Unknown lvalue 'LazyUnmount' in section 'Mount'
jan 26 20:38:37 asus systemd[1]: Created slice System Slice.
jan 26 20:38:37 asus systemd[1]: Set up automount Arbitrary Executable File Formats File System Automount Point.
jan 26 20:38:37 asus systemd[1]: Listening on /dev/initctl Compatibility Named Pipe.
jan 26 20:38:37 asus systemd[1]: Listening on Journal Socket (/dev/log).
jan 26 20:38:37 asus systemd[1]: Created slice system-systemd\x2dfsck.slice.
jan 26 20:38:37 asus systemd[1]: Started Trigger resolvconf update for networkd DNS.
jan 26 20:38:37 asus systemd[1]: Reached target Encrypted Volumes.
jan 26 20:38:37 asus systemd[1]: Created slice system-openvpn.slice.
jan 26 20:38:37 asus systemd[1]: Started Forward Password Requests to Wall Directory Watch.
jan 26 20:38:37 asus systemd[1]: Listening on udev Control Socket.
jan 26 20:38:37 asus systemd[1]: Listening on udev Kernel Socket.
jan 26 20:38:37 asus systemd[1]: Reached target Remote File Systems (Pre).
jan 26 20:38:37 asus systemd[1]: Reached target Remote File Systems.
jan 26 20:38:37 asus systemd[1]: Listening on Journal Socket.
jan 26 20:38:37 asus systemd[1]: Starting Uncomplicated firewall...
jan 26 20:38:37 asus systemd[1]: Mounting Debug File System...
jan 26 20:38:37 asus systemd[1]: Mounting POSIX Message Queue File System...
jan 26 20:38:37 asus systemd[1]: Starting Set console keymap...
jan 26 20:38:37 asus systemd[1]: Mounting Huge Pages File System...
jan 26 20:38:37 asus systemd[1]: Started Braille Device Support.
jan 26 20:38:37 asus systemd[1]: Started Read required files in advance.
jan 26 20:38:37 asus systemd[1]: Starting Load Kernel Modules...
jan 26 20:38:37 asus systemd[1]: Listening on fsck to fsckd communication Socket.
jan 26 20:38:37 asus systemd[1]: Created slice User and Session Slice.
jan 26 20:38:37 asus systemd[1]: Reached target Slices.
jan 26 20:38:37 asus systemd[1]: Listening on Journal Audit Socket.
jan 26 20:38:37 asus systemd[1]: Listening on Syslog Socket.
jan 26 20:38:37 asus systemd[1]: Starting Journal Service...
jan 26 20:38:37 asus systemd[1]: Starting Create list of required static device nodes for the current kernel...
jan 26 20:38:37 asus systemd[1]: Started Create list of required static device nodes for the current kernel.
jan 26 20:38:37 asus systemd[1]: Starting Create Static Device Nodes in /dev...
jan 26 20:38:37 asus systemd[1]: Mounted POSIX Message Queue File System.
jan 26 20:38:37 asus systemd[1]: Mounted Huge Pages File System.
jan 26 20:38:37 asus systemd[1]: Mounted Debug File System.
jan 26 20:38:37 asus systemd[1]: Started Uncomplicated firewall.
jan 26 20:38:37 asus systemd-journald[231]: Journal started
jan 26 20:38:37 asus systemd[1]: Started Journal Service.
jan 26 20:38:37 asus loadkeys[225]: Loading /etc/console-setup/cached.kmap.gz
jan 26 20:38:37 asus systemd[1]: Started Set console keymap.
jan 26 20:38:38 asus systemd-modules-load[230]: Inserted module 'lp'
jan 26 20:38:38 asus kernel: lp: driver loaded but no devices found
jan 26 20:38:38 asus systemd-modules-load[230]: Inserted module 'ppdev'
jan 26 20:38:38 asus kernel: ppdev: user-space parallel port driver
jan 26 20:38:38 asus systemd-modules-load[230]: Inserted module 'parport_pc'
jan 26 20:38:38 asus systemd[1]: Started Load Kernel Modules.
jan 26 20:38:38 asus systemd[1]: Mounting FUSE Control File System...
jan 26 20:38:38 asus systemd[1]: Starting Apply Kernel Variables...
jan 26 20:38:38 asus systemd[1]: Mounted FUSE Control File System.
jan 26 20:38:38 asus systemd[1]: Started Create Static Device Nodes in /dev.
jan 26 20:38:38 asus systemd[1]: Starting udev Kernel Device Manager...
jan 26 20:38:40 asus systemd[1]: Started Apply Kernel Variables.
jan 26 20:38:43 asus systemd[1]: Started udev Kernel Device Manager.
jan 26 20:38:43 asus systemd[1]: Starting Remount Root and Kernel File Systems...
jan 26 20:38:43 asus kernel: EXT4-fs (sda2): re-mounted. Opts: errors=remount-ro
jan 26 20:38:43 asus systemd[1]: Started Remount Root and Kernel File Systems.
jan 26 20:38:43 asus systemd[1]: Starting udev Coldplug all Devices...
jan 26 20:38:43 asus systemd[1]: Starting Flush Journal to Persistent Storage...
jan 26 20:38:43 asus systemd[1]: Starting Load/Save Random Seed...
jan 26 20:38:43 asus systemd[1]: Reached target Local File Systems (Pre).
jan 26 20:38:43 asus systemd[1]: Mounting Mount unit for eclipse, revision 40...
jan 26 20:38:44 asus systemd[1]: Mounting Mount unit for gtk-common-themes, revision 1506...
jan 26 20:38:44 asus kernel: squashfs: version 4.0 (2009/01/31) Phillip Lougher
jan 26 20:38:44 asus systemd[1]: Mounting Mount unit for gtk2-common-themes, revision 9...
jan 26 20:38:44 asus systemd[1]: Mounting Mount unit for arduino, revision 41...
jan 26 20:38:44 asus systemd[1]: Mounting Mount unit for gnome-3-28-1804, revision 128...
jan 26 20:38:45 asus systemd[1]: Mounting Mount unit for core18, revision 1932...
jan 26 20:38:45 asus systemd[1]: Mounting Mount unit for gnome-3-28-1804, revision 145...
jan 26 20:38:45 asus systemd[1]: Mounting Mount unit for core, revision 10444...
jan 26 20:38:45 asus systemd[1]: Mounting Mount unit for rpi-imager, revision 137...
jan 26 20:38:45 asus systemd[1]: Mounting Mount unit for rpi-imager, revision 129...
jan 26 20:38:46 asus systemd[1]: Mounting Mount unit for mqtt-explorer, revision 29...
jan 26 20:38:46 asus systemd[1]: Mounting Mount unit for eclipse, revision 48...
jan 26 20:38:46 asus systemd[1]: Mounting Mount unit for core18, revision 1944...
jan 26 20:38:46 asus systemd[1]: Mounting Mount unit for gtk2-common-themes, revision 13...
jan 26 20:38:46 asus systemd[1]: Mounting Mount unit for arduino, revision 32...
jan 26 20:38:46 asus systemd[1]: Mounting Mount unit for core, revision 10583...
jan 26 20:38:46 asus systemd[1]: Mounted Mount unit for gnome-3-28-1804, revision 145.
jan 26 20:38:46 asus systemd[1]: Mounted Mount unit for core18, revision 1932.
jan 26 20:38:46 asus systemd[1]: Mounted Mount unit for eclipse, revision 40.
jan 26 20:38:46 asus systemd[1]: Mounted Mount unit for gtk-common-themes, revision 1506.
jan 26 20:38:46 asus systemd[1]: Mounted Mount unit for core, revision 10444.
jan 26 20:38:46 asus systemd[1]: Mounted Mount unit for arduino, revision 41.
jan 26 20:38:46 asus systemd[1]: Mounted Mount unit for rpi-imager, revision 129.
jan 26 20:38:46 asus systemd[1]: Mounted Mount unit for gtk2-common-themes, revision 9.
jan 26 20:38:46 asus systemd[1]: Mounted Mount unit for gnome-3-28-1804, revision 128.
jan 26 20:38:46 asus systemd[1]: Mounted Mount unit for mqtt-explorer, revision 29.
jan 26 20:38:46 asus systemd[1]: Mounted Mount unit for rpi-imager, revision 137.
jan 26 20:38:46 asus systemd[1]: Mounted Mount unit for eclipse, revision 48.
jan 26 20:38:46 asus systemd[1]: Started Load/Save Random Seed.
jan 26 20:38:46 asus systemd[1]: Started udev Coldplug all Devices.
jan 26 20:38:46 asus systemd[1]: Starting Show Plymouth Boot Screen...
jan 26 20:38:46 asus systemd[1]: Started Flush Journal to Persistent Storage.
jan 26 20:38:46 asus systemd[1]: Mounted Mount unit for core18, revision 1944.
jan 26 20:38:47 asus systemd[1]: Mounted Mount unit for arduino, revision 32.
jan 26 20:38:47 asus systemd[1]: Mounted Mount unit for core, revision 10583.
jan 26 20:38:47 asus kernel: shpchp: Standard Hot Plug PCI Controller Driver version: 0.4
jan 26 20:38:47 asus kernel: ACPI Warning: SystemIO range 0x0000000000000428-0x000000000000042f conflicts with OpRegion 0x0000000000000400-0x000000000000044f (\GPIS) (20141107/utaddress-258)
jan 26 20:38:47 asus kernel: ACPI Warning: SystemIO range 0x0000000000000428-0x000000000000042f conflicts with OpRegion 0x0000000000000400-0x000000000000047f (\PMIO) (20141107/utaddress-258)
jan 26 20:38:47 asus kernel: ACPI: If an ACPI driver is available for this device, you should use it instead of the native driver
jan 26 20:38:47 asus kernel: ACPI Warning: SystemIO range 0x0000000000000540-0x000000000000054f conflicts with OpRegion 0x0000000000000500-0x000000000000057f (\GPIO) (20141107/utaddress-258)
jan 26 20:38:47 asus kernel: ACPI Warning: SystemIO range 0x0000000000000540-0x000000000000054f conflicts with OpRegion 0x0000000000000500-0x0000000000000563 (\GP01) (20141107/utaddress-258)
jan 26 20:38:47 asus kernel: ACPI: If an ACPI driver is available for this device, you should use it instead of the native driver
jan 26 20:38:47 asus kernel: ACPI Warning: SystemIO range 0x0000000000000530-0x000000000000053f conflicts with OpRegion 0x0000000000000500-0x000000000000057f (\GPIO) (20141107/utaddress-258)
jan 26 20:38:47 asus kernel: ACPI Warning: SystemIO range 0x0000000000000530-0x000000000000053f conflicts with OpRegion 0x0000000000000500-0x0000000000000563 (\GP01) (20141107/utaddress-258)
jan 26 20:38:47 asus kernel: ACPI: If an ACPI driver is available for this device, you should use it instead of the native driver
jan 26 20:38:47 asus kernel: ACPI Warning: SystemIO range 0x0000000000000500-0x000000000000052f conflicts with OpRegion 0x0000000000000500-0x000000000000057f (\GPIO) (20141107/utaddress-258)
jan 26 20:38:47 asus kernel: ACPI Warning: SystemIO range 0x0000000000000500-0x000000000000052f conflicts with OpRegion 0x0000000000000500-0x0000000000000563 (\GP01) (20141107/utaddress-258)
jan 26 20:38:47 asus kernel: ACPI: If an ACPI driver is available for this device, you should use it instead of the native driver
jan 26 20:38:47 asus kernel: lpc_ich: Resource conflict(s) found affecting gpio_ich
jan 26 20:38:48 asus systemd[1]: Created slice system-systemd\x2dbacklight.slice.
jan 26 20:38:48 asus systemd[1]: Starting Load/Save Screen Backlight Brightness of backlight:intel_backlight...
jan 26 20:38:48 asus systemd[1]: Mounted Mount unit for gtk2-common-themes, revision 13.
jan 26 20:38:48 asus systemd[1]: Listening on Load/Save RF Kill Switch Status /dev/rfkill Watch.
jan 26 20:38:48 asus systemd[1]: Started Braille Device Support.
jan 26 20:38:48 asus systemd[1]: Started Load/Save Screen Backlight Brightness of backlight:intel_backlight.
jan 26 20:38:48 asus systemd[1]: Started Show Plymouth Boot Screen.
jan 26 20:38:48 asus systemd[1]: Started Forward Password Requests to Plymouth Directory Watch.
jan 26 20:38:49 asus kernel: cfg80211: Calling CRDA to update world regulatory domain
jan 26 20:38:49 asus kernel: asus_wmi: ASUS WMI generic driver loaded
jan 26 20:38:49 asus kernel: asus_wmi: Initialization: 0x1
jan 26 20:38:49 asus kernel: asus_wmi: BIOS WMI version: 7.9
jan 26 20:38:49 asus kernel: asus_wmi: SFUN value: 0x4a0877
jan 26 20:38:49 asus kernel: input: Asus WMI hotkeys as /devices/platform/asus-nb-wmi/input/input13
jan 26 20:38:49 asus kernel: AVX version of gcm_enc/dec engaged.
jan 26 20:38:49 asus kernel: AES CTR mode by8 optimization enabled
jan 26 20:38:49 asus systemd[1]: Starting Load/Save RF Kill Switch Status...
jan 26 20:38:49 asus systemd[1]: Started Braille Device Support.
jan 26 20:38:49 asus kernel: asus_wmi: Backlight controlled by ACPI video driver
jan 26 20:38:49 asus kernel: sound hdaudioC0D0: autoconfig: line_outs=1 (0x14/0x0/0x0/0x0/0x0) type:speaker
jan 26 20:38:49 asus kernel: sound hdaudioC0D0:    speaker_outs=0 (0x0/0x0/0x0/0x0/0x0)
jan 26 20:38:49 asus kernel: sound hdaudioC0D0:    hp_outs=1 (0x21/0x0/0x0/0x0/0x0)
jan 26 20:38:49 asus kernel: sound hdaudioC0D0:    mono: mono_out=0x0
jan 26 20:38:49 asus kernel: sound hdaudioC0D0:    inputs:
jan 26 20:38:49 asus kernel: sound hdaudioC0D0:      Mic=0x19
jan 26 20:38:49 asus kernel: input: HDA Intel PCH Headphone as /devices/pci0000:00/0000:00:1b.0/sound/card0/input14
jan 26 20:38:49 asus kernel: input: HDA Intel PCH HDMI/DP,pcm=3 as /devices/pci0000:00/0000:00:1b.0/sound/card0/input15
jan 26 20:38:49 asus mtp-probe[503]: checking bus 1, device 3: "/sys/devices/pci0000:00/0000:00:1a.0/usb1/1-1/1-1.1"
jan 26 20:38:49 asus mtp-probe[502]: checking bus 1, device 4: "/sys/devices/pci0000:00/0000:00:1a.0/usb1/1-1/1-1.3"
jan 26 20:38:49 asus mtp-probe[502]: bus: 1, device: 4 was not an MTP device
jan 26 20:38:49 asus mtp-probe[503]: bus: 1, device: 3 was not an MTP device
jan 26 20:38:50 asus kernel: mt7630e: module verification failed: signature and/or  required key missing - tainting kernel
jan 26 20:38:50 asus kernel: chip id = 76300002
jan 26 20:38:50 asus kernel: ==>MT76x0_WLAN_ChipOnOff(): OnOff:1 pAd->WlanFunCtrl.word = 0x0, Reg-WlanFunCtrl=0xff000402
jan 26 20:38:50 asus kernel: WlanFunCtrl.word = 0xffff0403
jan 26 20:38:50 asus kernel: MACVersion = 0x76502000
jan 26 20:38:50 asus kernel: <== MT76x0_WLAN_ChipOnOff():  pAd->WlanFunCtrl.word = 0xffff0403, Reg->WlanFunCtrl=0xffff0f03!
jan 26 20:38:50 asus kernel: MAC_version=0x76300002
jan 26 20:38:50 asus kernel: ieee80211 phy0: rt2x00_set_rt: Info - RT chipset 7630, rev 0002 detected
jan 26 20:38:50 asus kernel: MAC: 54:35:30:93:9f:6d
jan 26 20:38:50 asus kernel: MAC_version=0x76300002
jan 26 20:38:50 asus kernel: RFIC =0x7630
jan 26 20:38:50 asus kernel: ieee80211 phy0: rt2x00_set_rf: Info - RF chipset 7630 detected
jan 26 20:38:50 asus kernel: rt2x00dev->chip.rt = 0x7630
jan 26 20:38:50 asus kernel: rt2x00dev->chip.rf = 0x7630
jan 26 20:38:50 asus kernel: media: Linux media interface: v0.10
jan 26 20:38:50 asus kernel: ieee80211 phy0: Selected rate control algorithm 'minstrel_ht'
jan 26 20:38:50 asus kernel: -->RTMPAllocTxRxRingMemory
jan 26 20:38:50 asus kernel: CTRL Ring: total 512 bytes allocated
jan 26 20:38:50 asus kernel: <-- RTMPAllocTxRxRingMemory, Status=0
jan 26 20:38:50 asus kernel: Linux video capture interface: v2.00
jan 26 20:38:50 asus kernel: intel_rapl: Found RAPL domain package
jan 26 20:38:50 asus kernel: intel_rapl: Found RAPL domain core
jan 26 20:38:50 asus kernel: intel_rapl: Found RAPL domain uncore
jan 26 20:38:50 asus kernel: Firmware file "mt76x0.bin" Found 
jan 26 20:38:50 asus kernel: bulk_tx_ep = 2
jan 26 20:38:50 asus kernel: mtk_usb_reset
jan 26 20:38:51 asus kernel: fw version:16.0.151 build:370
jan 26 20:38:51 asus kernel: build Time =201404211629____
jan 26 20:38:51 asus kernel: ILM length = 334408(bytes)
jan 26 20:38:51 asus kernel: DLM length = 47772(bytes)
jan 26 20:38:51 asus kernel: loading fw........................loading ILM done
jan 26 20:38:51 asus kernel: ....loading DLM done
jan 26 20:38:51 asus kernel: cfg80211: World regulatory domain updated:
jan 26 20:38:51 asus kernel: cfg80211:  DFS Master region: unset
jan 26 20:38:51 asus kernel: cfg80211:   (start_freq - end_freq @ bandwidth), (max_antenna_gain, max_eirp), (dfs_cac_time)
jan 26 20:38:51 asus kernel: cfg80211:   (2402000 KHz - 2472000 KHz @ 40000 KHz), (N/A, 2000 mBm), (N/A)
jan 26 20:38:51 asus kernel: cfg80211:   (2457000 KHz - 2482000 KHz @ 40000 KHz), (N/A, 2000 mBm), (N/A)
jan 26 20:38:51 asus kernel: cfg80211:   (2474000 KHz - 2494000 KHz @ 20000 KHz), (N/A, 2000 mBm), (N/A)
jan 26 20:38:51 asus kernel: cfg80211:   (5170000 KHz - 5250000 KHz @ 80000 KHz, 160000 KHz AUTO), (N/A, 2000 mBm), (N/A)
jan 26 20:38:51 asus kernel: cfg80211:   (5250000 KHz - 5330000 KHz @ 80000 KHz, 160000 KHz AUTO), (N/A, 2000 mBm), (0 s)
jan 26 20:38:51 asus kernel: cfg80211:   (5490000 KHz - 5730000 KHz @ 160000 KHz), (N/A, 2000 mBm), (0 s)
jan 26 20:38:51 asus kernel: cfg80211:   (5735000 KHz - 5835000 KHz @ 80000 KHz), (N/A, 2000 mBm), (N/A)
jan 26 20:38:51 asus kernel: cfg80211:   (57240000 KHz - 63720000 KHz @ 2160000 KHz), (N/A, 0 mBm), (N/A)
jan 26 20:38:51 asus kernel: loading fw success
jan 26 20:38:51 asus kernel: mtk_loader: done
jan 26 20:38:51 asus kernel: setup_packet in urb: size=8
jan 26 20:38:51 asus kernel: 20 00 00 00 00 00 34 00 
                             transfer_buffer in urb: size=52
jan 26 20:38:51 asus kernel: c3 fc 31 01 00 00 00 00 00 00 00 00 ff fc 03 00 00 00 00 80 8d 0e 3f 76 05 b8 88 00 00 88 ff ff 98 bd 43 3e 00 88 ff ff f9 5d 43 81 ff ff ff ff 00 00 00 00 
                             submit urb:
jan 26 20:38:51 asus kernel: usb_send_vendor_hci_cmd: return=0
jan 26 20:38:51 asus kernel: mtk_bt_loader_probe: ret = 0
jan 26 20:38:51 asus kernel: usbcore: registered new interface driver mtk_bt_loader
jan 26 20:38:51 asus kernel: usb_vendor_hci_cmd_complete 
jan 26 20:38:51 asus kernel: uvcvideo: Found UVC 1.00 device USB2.0 HD UVC WebCam (04f2:b40a)
jan 26 20:38:51 asus kernel: input: USB2.0 HD UVC WebCam as /devices/pci0000:00/0000:00:1a.0/usb1/1-1/1-1.3/1-1.3:1.0/input/input16
jan 26 20:38:51 asus kernel: usbcore: registered new interface driver uvcvideo
jan 26 20:38:51 asus kernel: USB Video Class driver (1.1.1)
jan 26 20:38:51 asus kernel: usb 1-1.1: USB disconnect, device number 3
jan 26 20:38:51 asus kernel: mtk_bt_loader_disconnect
jan 26 20:38:51 asus systemd[1]: Started Load/Save RF Kill Switch Status.
jan 26 20:38:51 asus systemd[1]: Started Braille Device Support.
jan 26 20:38:51 asus systemd[1]: Reached target Sound Card.
jan 26 20:38:51 asus kernel: usb 1-1.1: new high-speed USB device number 5 using ehci-pci
jan 26 20:38:51 asus kernel: usb 1-1.1: New USB device found, idVendor=0e8d, idProduct=763f
jan 26 20:38:51 asus kernel: usb 1-1.1: New USB device strings: Mfr=1, Product=2, SerialNumber=3
jan 26 20:38:51 asus kernel: usb 1-1.1: Product: BT
jan 26 20:38:51 asus kernel: usb 1-1.1: Manufacturer: MediaTek
jan 26 20:38:51 asus kernel: usb 1-1.1: SerialNumber: 1.0
jan 26 20:38:52 asus mtp-probe[611]: checking bus 1, device 5: "/sys/devices/pci0000:00/0000:00:1a.0/usb1/1-1/1-1.1"
jan 26 20:38:53 asus mtp-probe[611]: bus: 1, device: 5 was not an MTP device
jan 26 20:38:53 asus kernel: Bluetooth: Core ver 2.20
jan 26 20:38:53 asus kernel: NET: Registered protocol family 31
jan 26 20:38:53 asus kernel: Bluetooth: HCI device and connection manager initialized
jan 26 20:38:53 asus kernel: Bluetooth: HCI socket layer initialized
jan 26 20:38:53 asus kernel: Bluetooth: L2CAP socket layer initialized
jan 26 20:38:53 asus kernel: Bluetooth: SCO socket layer initialized
jan 26 20:38:53 asus kernel: usbcore: registered new interface driver btusb
jan 26 20:38:53 asus ureadahead[229]: ureadahead:/var/lib/NetworkManager/dhclient-wlan0.conf: No such file or directory
jan 26 20:38:53 asus ureadahead[229]: ureadahead:/var/cache/apparmor/snap-confine.core.10185: No such file or directory
jan 26 20:38:54 asus ureadahead[229]: ureadahead:/var/lib/emqx/configs/app.2020.12.05.13.09.34.config: No such file or directory
jan 26 20:38:54 asus ureadahead[229]: ureadahead:/var/lib/emqx/configs/vm.2020.12.05.13.09.34.args: No such file or directory
jan 26 20:38:54 asus systemd-udevd[380]: Process '/bin/hciconfig hci0 up' failed with exit code 1.
jan 26 20:38:54 asus systemd[1]: Started Braille Device Support.
jan 26 20:38:55 asus ureadahead[229]: ureadahead:/var/lib/snapd/snaps/core18_1885.snap: No such file or directory
jan 26 20:38:55 asus ureadahead[229]: ureadahead:/var/lib/snapd/snaps/core_10185.snap: No such file or directory
jan 26 20:38:55 asus ureadahead[229]: ureadahead:/var/lib/snapd/snaps/rpi-imager_76.snap: No such file or directory
jan 26 20:38:55 asus ureadahead[229]: ureadahead:/var/lib/snapd/snaps/core_10126.snap: No such file or directory
jan 26 20:38:56 asus systemd[1]: Found device WDC_WD5000LPVX-80V0TT0 3.
jan 26 20:38:56 asus systemd[1]: Found device WDC_WD5000LPVX-80V0TT0 3.
jan 26 20:38:56 asus systemd[1]: Activating swap Swap Partition...
jan 26 20:38:56 asus systemd[1]: Found device WDC_WD5000LPVX-80V0TT0 1.
jan 26 20:38:56 asus systemd[1]: Starting File System Check on /dev/disk/by-uuid/7BFE-F844...
jan 26 20:38:56 asus systemd[1]: Activated swap Swap Partition.
